Archive member included to satisfy reference by file (symbol)

/home/francabrera/Desktop/Electrónica Digital III/TP_FINAL_LPC1769_CORTEXM3/CMSISv2p00_LPC17xx/Debug/libCMSISv2p00_LPC17xx.a(system_LPC17xx.o)
                              ./src/cr_startup_lpc175x_6x.o (SystemInit)
/home/francabrera/Desktop/Electrónica Digital III/TP_FINAL_LPC1769_CORTEXM3/CMSISv2p00_LPC17xx/Debug/libCMSISv2p00_LPC17xx.a(lpc17xx_adc.o)
                              ./src/initialconfig.o (ADC_Init)
/home/francabrera/Desktop/Electrónica Digital III/TP_FINAL_LPC1769_CORTEXM3/CMSISv2p00_LPC17xx/Debug/libCMSISv2p00_LPC17xx.a(lpc17xx_clkpwr.o)
                              /home/francabrera/Desktop/Electrónica Digital III/TP_FINAL_LPC1769_CORTEXM3/CMSISv2p00_LPC17xx/Debug/libCMSISv2p00_LPC17xx.a(lpc17xx_adc.o) (CLKPWR_GetPCLK)
/home/francabrera/Desktop/Electrónica Digital III/TP_FINAL_LPC1769_CORTEXM3/CMSISv2p00_LPC17xx/Debug/libCMSISv2p00_LPC17xx.a(lpc17xx_libcfg_default.o)
                              /home/francabrera/Desktop/Electrónica Digital III/TP_FINAL_LPC1769_CORTEXM3/CMSISv2p00_LPC17xx/Debug/libCMSISv2p00_LPC17xx.a(lpc17xx_adc.o) (check_failed)
/home/francabrera/Desktop/Electrónica Digital III/TP_FINAL_LPC1769_CORTEXM3/CMSISv2p00_LPC17xx/Debug/libCMSISv2p00_LPC17xx.a(lpc17xx_timer.o)
                              ./src/TP_FINAL_Cabrera_Caramuti.o (TIM_ClearIntPending)
/home/francabrera/Desktop/Electrónica Digital III/TP_FINAL_LPC1769_CORTEXM3/CMSISv2p00_LPC17xx/Debug/libCMSISv2p00_LPC17xx.a(lpc17xx_uart.o)
                              ./src/initialconfig.o (UART_Init)
/usr/local/mcuxpressoide-11.6.0_8187/ide/plugins/com.nxp.mcuxpresso.tools.linux_11.6.0.202112161359/tools/bin/../lib/gcc/arm-none-eabi/10.3.1/../../../../arm-none-eabi/lib/thumb/v7-m/nofp/libcr_nohost.a(_cr__main.o)
                              ./src/cr_startup_lpc175x_6x.o (__main)
/usr/local/mcuxpressoide-11.6.0_8187/ide/plugins/com.nxp.mcuxpresso.tools.linux_11.6.0.202112161359/tools/bin/../lib/gcc/arm-none-eabi/10.3.1/../../../../arm-none-eabi/lib/thumb/v7-m/nofp/libcr_c.a(fpprintf.o)
                              ./src/TP_FINAL_Cabrera_Caramuti.o (sprintf)
/usr/local/mcuxpressoide-11.6.0_8187/ide/plugins/com.nxp.mcuxpresso.tools.linux_11.6.0.202112161359/tools/bin/../lib/gcc/arm-none-eabi/10.3.1/../../../../arm-none-eabi/lib/thumb/v7-m/nofp/libcr_c.a(initio.o)
                              /usr/local/mcuxpressoide-11.6.0_8187/ide/plugins/com.nxp.mcuxpresso.tools.linux_11.6.0.202112161359/tools/bin/../lib/gcc/arm-none-eabi/10.3.1/../../../../arm-none-eabi/lib/thumb/v7-m/nofp/libcr_nohost.a(_cr__main.o) (_initio)
/usr/local/mcuxpressoide-11.6.0_8187/ide/plugins/com.nxp.mcuxpresso.tools.linux_11.6.0.202112161359/tools/bin/../lib/gcc/arm-none-eabi/10.3.1/../../../../arm-none-eabi/lib/thumb/v7-m/nofp/libcr_c.a(printf.o)
                              /usr/local/mcuxpressoide-11.6.0_8187/ide/plugins/com.nxp.mcuxpresso.tools.linux_11.6.0.202112161359/tools/bin/../lib/gcc/arm-none-eabi/10.3.1/../../../../arm-none-eabi/lib/thumb/v7-m/nofp/libcr_c.a(fpprintf.o) (__vfprintf)
/usr/local/mcuxpressoide-11.6.0_8187/ide/plugins/com.nxp.mcuxpresso.tools.linux_11.6.0.202112161359/tools/bin/../lib/gcc/arm-none-eabi/10.3.1/../../../../arm-none-eabi/lib/thumb/v7-m/nofp/libcr_c.a(setvbuf.o)
                              /usr/local/mcuxpressoide-11.6.0_8187/ide/plugins/com.nxp.mcuxpresso.tools.linux_11.6.0.202112161359/tools/bin/../lib/gcc/arm-none-eabi/10.3.1/../../../../arm-none-eabi/lib/thumb/v7-m/nofp/libcr_c.a(initio.o) (setvbuf)
/usr/local/mcuxpressoide-11.6.0_8187/ide/plugins/com.nxp.mcuxpresso.tools.linux_11.6.0.202112161359/tools/bin/../lib/gcc/arm-none-eabi/10.3.1/../../../../arm-none-eabi/lib/thumb/v7-m/nofp/libcr_c.a(strlen.o)
                              /usr/local/mcuxpressoide-11.6.0_8187/ide/plugins/com.nxp.mcuxpresso.tools.linux_11.6.0.202112161359/tools/bin/../lib/gcc/arm-none-eabi/10.3.1/../../../../arm-none-eabi/lib/thumb/v7-m/nofp/libcr_c.a(printf.o) (strlen)
/usr/local/mcuxpressoide-11.6.0_8187/ide/plugins/com.nxp.mcuxpresso.tools.linux_11.6.0.202112161359/tools/bin/../lib/gcc/arm-none-eabi/10.3.1/../../../../arm-none-eabi/lib/thumb/v7-m/nofp/libcr_c.a(memset.o)
                              /usr/local/mcuxpressoide-11.6.0_8187/ide/plugins/com.nxp.mcuxpresso.tools.linux_11.6.0.202112161359/tools/bin/../lib/gcc/arm-none-eabi/10.3.1/../../../../arm-none-eabi/lib/thumb/v7-m/nofp/libcr_c.a(fpprintf.o) (memset)
/usr/local/mcuxpressoide-11.6.0_8187/ide/plugins/com.nxp.mcuxpresso.tools.linux_11.6.0.202112161359/tools/bin/../lib/gcc/arm-none-eabi/10.3.1/../../../../arm-none-eabi/lib/thumb/v7-m/nofp/libcr_c.a(_deferredlazyseek.o)
                              /usr/local/mcuxpressoide-11.6.0_8187/ide/plugins/com.nxp.mcuxpresso.tools.linux_11.6.0.202112161359/tools/bin/../lib/gcc/arm-none-eabi/10.3.1/../../../../arm-none-eabi/lib/thumb/v7-m/nofp/libcr_c.a(fpprintf.o) (__flsbuf)
[...]
Memory Configuration

Name             Origin             Length             Attributes
MFlash512        0x0000000000000000 0x0000000000080000 xr
RamLoc32         0x0000000010000000 0x0000000000008000 xrw
RamAHB32         0x000000002007c000 0x0000000000008000 xrw
*default*        0x0000000000000000 0xffffffffffffffff

Linker script and memory map

LOAD ./src/TP_FINAL_Cabrera_Caramuti.o
LOAD ./src/cr_startup_lpc175x_6x.o
LOAD ./src/crp.o
LOAD ./src/initialconfig.o
LOAD ./src/loadcell.o
LOAD /home/francabrera/Desktop/Electrónica Digital III/TP_FINAL_LPC1769_CORTEXM3/CMSISv2p00_LPC17xx/Debug/libCMSISv2p00_LPC17xx.a
START GROUP
LOAD /usr/local/mcuxpressoide-11.6.0_8187/ide/plugins/com.nxp.mcuxpresso.tools.linux_11.6.0.202112161359/tools/bin/../lib/gcc/arm-none-eabi/10.3.1/../../../../arm-none-eabi/lib/thumb/v7-m/nofp/libcr_nohost.a
LOAD /usr/local/mcuxpressoide-11.6.0_8187/ide/plugins/com.nxp.mcuxpresso.tools.linux_11.6.0.202112161359/tools/bin/../lib/gcc/arm-none-eabi/10.3.1/../../../../arm-none-eabi/lib/thumb/v7-m/nofp/libcr_c.a
LOAD /usr/local/mcuxpressoide-11.6.0_8187/ide/plugins/com.nxp.mcuxpresso.tools.linux_11.6.0.202112161359/tools/bin/../lib/gcc/arm-none-eabi/10.3.1/thumb/v7-m/nofp/libcr_eabihelpers.a
LOAD /usr/local/mcuxpressoide-11.6.0_8187/ide/plugins/com.nxp.mcuxpresso.tools.linux_11.6.0.202112161359/tools/bin/../lib/gcc/arm-none-eabi/10.3.1/thumb/v7-m/nofp/libgcc.a
END GROUP
                0x0000000000000000                __base_MFlash512 = 0x0
                0x0000000000000000                __base_Flash = 0x0
                0x0000000000080000                __top_MFlash512 = 0x80000
                0x0000000000080000                __top_Flash = 0x80000
                0x0000000010000000                __base_RamLoc32 = 0x10000000
                0x0000000010000000                __base_RAM = 0x10000000
                0x0000000010008000                __top_RamLoc32 = 0x10008000
                0x0000000010008000                __top_RAM = 0x10008000
                0x000000002007c000                __base_RamAHB32 = 0x2007c000
                0x000000002007c000                __base_RAM2 = 0x2007c000
                0x0000000020084000                __top_RamAHB32 = 0x20084000
                0x0000000020084000                __top_RAM2 = 0x20084000

.text           0x0000000000000000     0x3c44
 FILL mask 0xff
                0x0000000000000000                __vectors_start__ = ABSOLUTE (.)
 *(.isr_vector)
 .isr_vector    0x0000000000000000       0xcc ./src/cr_startup_lpc175x_6x.o
                0x0000000000000000                g_pfnVectors
                0x00000000000000cc                . = ALIGN (0x4)
                0x00000000000000cc                __section_table_start = .
                0x00000000000000cc                __data_section_table = .
                0x00000000000000cc        0x4 LONG 0x3c44 LOADADDR (.data)
                0x00000000000000d0        0x4 LONG 0x10000000 ADDR (.data)
                0x00000000000000d4        0x4 LONG 0x14 SIZEOF (.data)
                0x00000000000000d8        0x4 LONG 0x3c44 LOADADDR (.data_RAM2)
                0x00000000000000dc        0x4 LONG 0x2007c000 ADDR (.data_RAM2)
                0x00000000000000e0        0x4 LONG 0x0 SIZEOF (.data_RAM2)
                0x00000000000000e4                __data_section_table_end = .
                0x00000000000000e4                __bss_section_table = .
                0x00000000000000e4        0x4 LONG 0x10000014 ADDR (.bss)
                0x00000000000000e8        0x4 LONG 0x204 SIZEOF (.bss)
                0x00000000000000ec        0x4 LONG 0x2007c000 ADDR (.bss_RAM2)
                0x00000000000000f0        0x4 LONG 0x0 SIZEOF (.bss_RAM2)
                0x00000000000000f4                __bss_section_table_end = .
                0x00000000000000f4                __section_table_end = .
 *(.after_vectors*)
 .after_vectors
                0x00000000000000f4      0x130 ./src/cr_startup_lpc175x_6x.o
                0x00000000000000f4                data_init
                0x0000000000000138                bss_init
                0x0000000000000170                ResetISR
                0x00000000000001e8                NMI_Handler
                0x00000000000001ee                HardFault_Handler
                0x00000000000001f4                MemManage_Handler
                0x00000000000001fa                BusFault_Handler
                0x0000000000000200                UsageFault_Handler
                0x0000000000000206                SVC_Handler
                0x000000000000020c                DebugMon_Handler
                0x0000000000000212                PendSV_Handler
                0x0000000000000218                SysTick_Handler
                0x000000000000021e                TIMER2_IRQHandler
                0x000000000000021e                RIT_IRQHandler
                0x000000000000021e                I2C0_IRQHandler
                0x000000000000021e                USBActivity_IRQHandler
                0x000000000000021e                PWM1_IRQHandler
                0x000000000000021e                I2C1_IRQHandler
                0x000000000000021e                UART1_IRQHandler
                0x000000000000021e                CANActivity_IRQHandler
                0x000000000000021e                TIMER3_IRQHandler
                0x000000000000021e                UART0_IRQHandler
                0x000000000000021e                IntDefaultHandler
                0x000000000000021e                PLL0_IRQHandler
                0x000000000000021e                CAN_IRQHandler
                0x000000000000021e                PLL1_IRQHandler
                0x000000000000021e                SSP0_IRQHandler
                0x000000000000021e                I2S_IRQHandler
                0x000000000000021e                I2C2_IRQHandler
                0x000000000000021e                RTC_IRQHandler
                0x000000000000021e                TIMER0_IRQHandler
                0x000000000000021e                SPI_IRQHandler
                0x000000000000021e                UART2_IRQHandler
                0x000000000000021e                SSP1_IRQHandler
                0x000000000000021e                USB_IRQHandler
                0x000000000000021e                BOD_IRQHandler
                0x000000000000021e                WDT_IRQHandler
                0x000000000000021e                QEI_IRQHandler
                0x000000000000021e                DMA_IRQHandler
                0x000000000000021e                UART3_IRQHandler
                0x000000000000021e                MCPWM_IRQHandler
                0x000000000000021e                ENET_IRQHandler
                0x00000000000002fc                . = 0x2fc
 *fill*         0x0000000000000224       0xd8 ff
                0x00000000000002fc                PROVIDE (__CRP_WORD_START__ = .)
 *(.crp)
 .crp           0x00000000000002fc        0x4 ./src/crp.o
                0x00000000000002fc                CRP_WORD
                0x0000000000000300                PROVIDE (__CRP_WORD_END__ = .)
                0x0000000000000001                ASSERT (! ((__CRP_WORD_START__ == __CRP_WORD_END__)), Linker CRP Enabled, but no CRP_WORD provided within application)
 *(.text*)
 .text.main     0x0000000000000300       0x9c ./src/TP_FINAL_Cabrera_Caramuti.o
                0x0000000000000300                main
 .text.EINT0_IRQHandler
                0x000000000000039c       0x30 ./src/TP_FINAL_Cabrera_Caramuti.o
                0x000000000000039c                EINT0_IRQHandler
 .text.EINT1_IRQHandler
                0x00000000000003cc       0x40 ./src/TP_FINAL_Cabrera_Caramuti.o
                0x00000000000003cc                EINT1_IRQHandler
 .text.EINT2_IRQHandler
                0x000000000000040c       0x38 ./src/TP_FINAL_Cabrera_Caramuti.o
                0x000000000000040c                EINT2_IRQHandler
 .text.finish   0x0000000000000444       0x34 ./src/TP_FINAL_Cabrera_Caramuti.o
                0x0000000000000444                finish
 .text.EINT3_IRQHandler
                0x0000000000000478       0x48 ./src/TP_FINAL_Cabrera_Caramuti.o
                0x0000000000000478                EINT3_IRQHandler
 .text.ADC_IRQHandler
                0x00000000000004c0       0x7c ./src/TP_FINAL_Cabrera_Caramuti.o
                0x00000000000004c0                ADC_IRQHandler
 .text.TIMER1_IRQHandler
                0x000000000000053c       0x70 ./src/TP_FINAL_Cabrera_Caramuti.o
                0x000000000000053c                TIMER1_IRQHandler
 .text.sendData
                0x00000000000005ac       0x88 ./src/TP_FINAL_Cabrera_Caramuti.o
                0x00000000000005ac                sendData
 .text.NVIC_EnableIRQ
                0x0000000000000634       0x30 ./src/initialconfig.o
 .text.initialConfigurations
                0x0000000000000664       0x26 ./src/initialconfig.o
                0x0000000000000664                initialConfigurations
 *fill*         0x000000000000068a        0x2 ff
 .text.configEINT
                0x000000000000068c       0x90 ./src/initialconfig.o
 .text.configPIN
                0x000000000000071c       0x3c ./src/initialconfig.o
 .text.configADC
                0x0000000000000758       0x60 ./src/initialconfig.o
 .text.configTIMER0
                0x00000000000007b8       0x70 ./src/initialconfig.o
 .text.configTIMER1
                0x0000000000000828       0x84 ./src/initialconfig.o
 .text.configUART
                0x00000000000008ac       0x48 ./src/initialconfig.o
 .text.configGPIOInt
                0x00000000000008f4       0x80 ./src/initialconfig.o
 .text.getWeight
                0x0000000000000974       0x3c ./src/loadcell.o
                0x0000000000000974                getWeight
 .text.blink    0x00000000000009b0       0x84 ./src/loadcell.o
 .text.getTare  0x0000000000000a34       0x58 ./src/loadcell.o
                0x0000000000000a34                getTare
 .text.start    0x0000000000000a8c       0x58 ./src/loadcell.o
                0x0000000000000a8c                start
 .text.stop     0x0000000000000ae4       0x48 ./src/loadcell.o
                0x0000000000000ae4                stop
 .text.SystemInit
                0x0000000000000b2c       0xd8 /home/francabrera/Desktop/Electrónica Digital III/TP_FINAL_LPC1769_CORTEXM3/CMSISv2p00_LPC17xx/Debug/libCMSISv2p00_LPC17xx.a(system_LPC17xx.o)
                0x0000000000000b2c                SystemInit
 .text.ADC_Init
                0x0000000000000c04       0x58 /home/francabrera/Desktop/Electrónica Digital III/TP_FINAL_LPC1769_CORTEXM3/CMSISv2p00_LPC17xx/Debug/libCMSISv2p00_LPC17xx.a(lpc17xx_adc.o)
                0x0000000000000c04                ADC_Init
 .text.ADC_StartCmd
                0x0000000000000c5c       0x3c /home/francabrera/Desktop/Electrónica Digital III/TP_FINAL_LPC1769_CORTEXM3/CMSISv2p00_LPC17xx/Debug/libCMSISv2p00_LPC17xx.a(lpc17xx_adc.o)
                0x0000000000000c5c                ADC_StartCmd
 .text.ADC_EdgeStartConfig
                0x0000000000000c98       0x3c /home/francabrera/Desktop/Electrónica Digital III/TP_FINAL_LPC1769_CORTEXM3/CMSISv2p00_LPC17xx/Debug/libCMSISv2p00_LPC17xx.a(lpc17xx_adc.o)
                0x0000000000000c98                ADC_EdgeStartConfig
 .text.ADC_IntConfig
                0x0000000000000cd4       0x44 /home/francabrera/Desktop/Electrónica Digital III/TP_FINAL_LPC1769_CORTEXM3/CMSISv2p00_LPC17xx/Debug/libCMSISv2p00_LPC17xx.a(lpc17xx_adc.o)
                0x0000000000000cd4                ADC_IntConfig
 .text.ADC_ChannelCmd
                0x0000000000000d18       0x34 /home/francabrera/Desktop/Electrónica Digital III/TP_FINAL_LPC1769_CORTEXM3/CMSISv2p00_LPC17xx/Debug/libCMSISv2p00_LPC17xx.a(lpc17xx_adc.o)
                0x0000000000000d18                ADC_ChannelCmd
 .text.CLKPWR_SetPCLKDiv
                0x0000000000000d4c       0x4c /home/francabrera/Desktop/Electrónica Digital III/TP_FINAL_LPC1769_CORTEXM3/CMSISv2p00_LPC17xx/Debug/libCMSISv2p00_LPC17xx.a(lpc17xx_clkpwr.o)
                0x0000000000000d4c                CLKPWR_SetPCLKDiv
 .text.CLKPWR_GetPCLKSEL
                0x0000000000000d98       0x20 /home/francabrera/Desktop/Electrónica Digital III/TP_FINAL_LPC1769_CORTEXM3/CMSISv2p00_LPC17xx/Debug/libCMSISv2p00_LPC17xx.a(lpc17xx_clkpwr.o)
                0x0000000000000d98                CLKPWR_GetPCLKSEL
 .text.CLKPWR_GetPCLK
                0x0000000000000db8       0x20 /home/francabrera/Desktop/Electrónica Digital III/TP_FINAL_LPC1769_CORTEXM3/CMSISv2p00_LPC17xx/Debug/libCMSISv2p00_LPC17xx.a(lpc17xx_clkpwr.o)
                0x0000000000000db8                CLKPWR_GetPCLK
 .text.CLKPWR_ConfigPPWR
                0x0000000000000dd8       0x34 /home/francabrera/Desktop/Electrónica Digital III/TP_FINAL_LPC1769_CORTEXM3/CMSISv2p00_LPC17xx/Debug/libCMSISv2p00_LPC17xx.a(lpc17xx_clkpwr.o)
                0x0000000000000dd8                CLKPWR_ConfigPPWR
 .text.check_failed
                0x0000000000000e0c        0x2 /home/francabrera/Desktop/Electrónica Digital III/TP_FINAL_LPC1769_CORTEXM3/CMSISv2p00_LPC17xx/Debug/libCMSISv2p00_LPC17xx.a(lpc17xx_libcfg_default.o)
                0x0000000000000e0c                check_failed
 *fill*         0x0000000000000e0e        0x2 ff
 .text.TIM_ClearIntPending
                0x0000000000000e10       0x4c /home/francabrera/Desktop/Electrónica Digital III/TP_FINAL_LPC1769_CORTEXM3/CMSISv2p00_LPC17xx/Debug/libCMSISv2p00_LPC17xx.a(lpc17xx_timer.o)
                0x0000000000000e10                TIM_ClearIntPending
 .text.TIM_Init
                0x0000000000000e5c      0x15c /home/francabrera/Desktop/Electrónica Digital III/TP_FINAL_LPC1769_CORTEXM3/CMSISv2p00_LPC17xx/Debug/libCMSISv2p00_LPC17xx.a(lpc17xx_timer.o)
                0x0000000000000e5c                TIM_Init
 .text.TIM_Cmd  0x0000000000000fb8       0x48 /home/francabrera/Desktop/Electrónica Digital III/TP_FINAL_LPC1769_CORTEXM3/CMSISv2p00_LPC17xx/Debug/libCMSISv2p00_LPC17xx.a(lpc17xx_timer.o)
                0x0000000000000fb8                TIM_Cmd
 .text.TIM_ConfigMatch
                0x0000000000001000       0xcc /home/francabrera/Desktop/Electrónica Digital III/TP_FINAL_LPC1769_CORTEXM3/CMSISv2p00_LPC17xx/Debug/libCMSISv2p00_LPC17xx.a(lpc17xx_timer.o)
                0x0000000000001000                TIM_ConfigMatch
 .text.TIM_UpdateMatchValue
                0x00000000000010cc       0x54 /home/francabrera/Desktop/Electrónica Digital III/TP_FINAL_LPC1769_CORTEXM3/CMSISv2p00_LPC17xx/Debug/libCMSISv2p00_LPC17xx.a(lpc17xx_timer.o)
                0x00000000000010cc                TIM_UpdateMatchValue
 .text.UART_Init
                0x0000000000001120      0x28c /home/francabrera/Desktop/Electrónica Digital III/TP_FINAL_LPC1769_CORTEXM3/CMSISv2p00_LPC17xx/Debug/libCMSISv2p00_LPC17xx.a(lpc17xx_uart.o)
                0x0000000000001120                UART_Init
 .text.UART_SendByte
                0x00000000000013ac       0x3c /home/francabrera/Desktop/Electrónica Digital III/TP_FINAL_LPC1769_CORTEXM3/CMSISv2p00_LPC17xx/Debug/libCMSISv2p00_LPC17xx.a(lpc17xx_uart.o)
                0x00000000000013ac                UART_SendByte
 .text.UART_Send
                0x00000000000013e8       0x84 /home/francabrera/Desktop/Electrónica Digital III/TP_FINAL_LPC1769_CORTEXM3/CMSISv2p00_LPC17xx/Debug/libCMSISv2p00_LPC17xx.a(lpc17xx_uart.o)
                0x00000000000013e8                UART_Send
 .text.UART_TxCmd
                0x000000000000146c       0x60 /home/francabrera/Desktop/Electrónica Digital III/TP_FINAL_LPC1769_CORTEXM3/CMSISv2p00_LPC17xx/Debug/libCMSISv2p00_LPC17xx.a(lpc17xx_uart.o)
                0x000000000000146c                UART_TxCmd
 .text.__main   0x00000000000014cc        0xe /usr/local/mcuxpressoide-11.6.0_8187/ide/plugins/com.nxp.mcuxpresso.tools.linux_11.6.0.202112161359/tools/bin/../lib/gcc/arm-none-eabi/10.3.1/../../../../arm-none-eabi/lib/thumb/v7-m/nofp/libcr_nohost.a(_cr__main.o)
                0x00000000000014cc                __main
 .text.fp_round
                0x00000000000014da       0x4c /usr/local/mcuxpressoide-11.6.0_8187/ide/plugins/com.nxp.mcuxpresso.tools.linux_11.6.0.202112161359/tools/bin/../lib/gcc/arm-none-eabi/10.3.1/../../../../arm-none-eabi/lib/thumb/v7-m/nofp/libcr_c.a(fpprintf.o)
 .text.pr_dec.constprop.0
                0x0000000000001526       0x26 /usr/local/mcuxpressoide-11.6.0_8187/ide/plugins/com.nxp.mcuxpresso.tools.linux_11.6.0.202112161359/tools/bin/../lib/gcc/arm-none-eabi/10.3.1/../../../../arm-none-eabi/lib/thumb/v7-m/nofp/libcr_c.a(fpprintf.o)
 .text.sprintf  0x000000000000154c       0x6c /usr/local/mcuxpressoide-11.6.0_8187/ide/plugins/com.nxp.mcuxpresso.tools.linux_11.6.0.202112161359/tools/bin/../lib/gcc/arm-none-eabi/10.3.1/../../../../arm-none-eabi/lib/thumb/v7-m/nofp/libcr_c.a(fpprintf.o)
                0x000000000000154c                sprintf
 .text.fp_display
                0x00000000000015b8      0x950 /usr/local/mcuxpressoide-11.6.0_8187/ide/plugins/com.nxp.mcuxpresso.tools.linux_11.6.0.202112161359/tools/bin/../lib/gcc/arm-none-eabi/10.3.1/../../../../arm-none-eabi/lib/thumb/v7-m/nofp/libcr_c.a(fpprintf.o)
 .text._initio  0x0000000000001f08       0x78 /usr/local/mcuxpressoide-11.6.0_8187/ide/plugins/com.nxp.mcuxpresso.tools.linux_11.6.0.202112161359/tools/bin/../lib/gcc/arm-none-eabi/10.3.1/../../../../arm-none-eabi/lib/thumb/v7-m/nofp/libcr_c.a(initio.o)
                0x0000000000001f08                _initio
 .text.__vfprintf
                0x0000000000001f80      0xbe4 /usr/local/mcuxpressoide-11.6.0_8187/ide/plugins/com.nxp.mcuxpresso.tools.linux_11.6.0.202112161359/tools/bin/../lib/gcc/arm-none-eabi/10.3.1/../../../../arm-none-eabi/lib/thumb/v7-m/nofp/libcr_c.a(printf.o)
                0x0000000000001f80                __vfprintf
 .text.setvbuf  0x0000000000002b64       0x3e /usr/local/mcuxpressoide-11.6.0_8187/ide/plugins/com.nxp.mcuxpresso.tools.linux_11.6.0.202112161359/tools/bin/../lib/gcc/arm-none-eabi/10.3.1/../../../../arm-none-eabi/lib/thumb/v7-m/nofp/libcr_c.a(setvbuf.o)
                0x0000000000002b64                setvbuf
 .text.strlen   0x0000000000002ba2       0x48 /usr/local/mcuxpressoide-11.6.0_8187/ide/plugins/com.nxp.mcuxpresso.tools.linux_11.6.0.202112161359/tools/bin/../lib/gcc/arm-none-eabi/10.3.1/../../../../arm-none-eabi/lib/thumb/v7-m/nofp/libcr_c.a(strlen.o)
                0x0000000000002ba2                strlen
 .text.memset   0x0000000000002bea        0x4 /usr/local/mcuxpressoide-11.6.0_8187/ide/plugins/com.nxp.mcuxpresso.tools.linux_11.6.0.202112161359/tools/bin/../lib/gcc/arm-none-eabi/10.3.1/../../../../arm-none-eabi/lib/thumb/v7-m/nofp/libcr_c.a(memset.o)
                0x0000000000002bea                memset
 .text._deferredlazyseek
                0x0000000000002bee       0x40 /usr/local/mcuxpressoide-11.6.0_8187/ide/plugins/com.nxp.mcuxpresso.tools.linux_11.6.0.202112161359/tools/bin/../lib/gcc/arm-none-eabi/10.3.1/../../../../arm-none-eabi/lib/thumb/v7-m/nofp/libcr_c.a(_deferredlazyseek.o)
                0x0000000000002bee                _deferredlazyseek
 .text.__flsbuf
                0x0000000000002c2e      0x140 /usr/local/mcuxpressoide-11.6.0_8187/ide/plugins/com.nxp.mcuxpresso.tools.linux_11.6.0.202112161359/tools/bin/../lib/gcc/arm-none-eabi/10.3.1/../../../../arm-none-eabi/lib/thumb/v7-m/nofp/libcr_c.a(_deferredlazyseek.o)
                0x0000000000002c2e                __flsbuf
 .text._fdopen  0x0000000000002d6e       0x68 /usr/local/mcuxpressoide-11.6.0_8187/ide/plugins/com.nxp.mcuxpresso.tools.linux_11.6.0.202112161359/tools/bin/../lib/gcc/arm-none-eabi/10.3.1/../../../../arm-none-eabi/lib/thumb/v7-m/nofp/libcr_c.a(_fdopen.o)
                0x0000000000002d6e                _fdopen
 .text._fflush  0x0000000000002dd6       0x52 /usr/local/mcuxpressoide-11.6.0_8187/ide/plugins/com.nxp.mcuxpresso.tools.linux_11.6.0.202112161359/tools/bin/../lib/gcc/arm-none-eabi/10.3.1/../../../../arm-none-eabi/lib/thumb/v7-m/nofp/libcr_c.a(_fflush.o)
                0x0000000000002dd6                _fflush
 .text._frexpl  0x0000000000002e28       0x56 /usr/local/mcuxpressoide-11.6.0_8187/ide/plugins/com.nxp.mcuxpresso.tools.linux_11.6.0.202112161359/tools/bin/../lib/gcc/arm-none-eabi/10.3.1/../../../../arm-none-eabi/lib/thumb/v7-m/nofp/libcr_c.a(_frexpl.o)
                0x0000000000002e28                _frexpl
 *fill*         0x0000000000002e7e        0x2 ff
 .text._ldexpl  0x0000000000002e80       0x48 /usr/local/mcuxpressoide-11.6.0_8187/ide/plugins/com.nxp.mcuxpresso.tools.linux_11.6.0.202112161359/tools/bin/../lib/gcc/arm-none-eabi/10.3.1/../../../../arm-none-eabi/lib/thumb/v7-m/nofp/libcr_c.a(_ldexpl.o)
                0x0000000000002e80                _ldexpl
 .text._Cwritebuf
                0x0000000000002ec8       0x6c /usr/local/mcuxpressoide-11.6.0_8187/ide/plugins/com.nxp.mcuxpresso.tools.linux_11.6.0.202112161359/tools/bin/../lib/gcc/arm-none-eabi/10.3.1/../../../../arm-none-eabi/lib/thumb/v7-m/nofp/libcr_c.a(_writebuf.o)
                0x0000000000002ec8                _Cwritebuf
 .text.malloc   0x0000000000002f34       0xc8 /usr/local/mcuxpressoide-11.6.0_8187/ide/plugins/com.nxp.mcuxpresso.tools.linux_11.6.0.202112161359/tools/bin/../lib/gcc/arm-none-eabi/10.3.1/../../../../arm-none-eabi/lib/thumb/v7-m/nofp/libcr_c.a(alloc.o)
                0x0000000000002f34                malloc
 .text.free     0x0000000000002ffc       0x30 /usr/local/mcuxpressoide-11.6.0_8187/ide/plugins/com.nxp.mcuxpresso.tools.linux_11.6.0.202112161359/tools/bin/../lib/gcc/arm-none-eabi/10.3.1/../../../../arm-none-eabi/lib/thumb/v7-m/nofp/libcr_c.a(alloc.o)
                0x0000000000002ffc                free
 .text._Csys_alloc
                0x000000000000302c       0x20 /usr/local/mcuxpressoide-11.6.0_8187/ide/plugins/com.nxp.mcuxpresso.tools.linux_11.6.0.202112161359/tools/bin/../lib/gcc/arm-none-eabi/10.3.1/../../../../arm-none-eabi/lib/thumb/v7-m/nofp/libcr_c.a(alloc.o)
                0x000000000000302c                _Csys_alloc
 .text.fclose   0x000000000000304c       0x58 /usr/local/mcuxpressoide-11.6.0_8187/ide/plugins/com.nxp.mcuxpresso.tools.linux_11.6.0.202112161359/tools/bin/../lib/gcc/arm-none-eabi/10.3.1/../../../../arm-none-eabi/lib/thumb/v7-m/nofp/libcr_c.a(fclose.o)
                0x000000000000304c                fclose
 .text.fflush   0x00000000000030a4       0x3c /usr/local/mcuxpressoide-11.6.0_8187/ide/plugins/com.nxp.mcuxpresso.tools.linux_11.6.0.202112161359/tools/bin/../lib/gcc/arm-none-eabi/10.3.1/../../../../arm-none-eabi/lib/thumb/v7-m/nofp/libcr_c.a(fflush.o)
                0x00000000000030a4                fflush
 .text.fseek    0x00000000000030e0       0xfc /usr/local/mcuxpressoide-11.6.0_8187/ide/plugins/com.nxp.mcuxpresso.tools.linux_11.6.0.202112161359/tools/bin/../lib/gcc/arm-none-eabi/10.3.1/../../../../arm-none-eabi/lib/thumb/v7-m/nofp/libcr_c.a(fseek.o)
                0x00000000000030e0                fseek
 .text.ftell    0x00000000000031dc       0x44 /usr/local/mcuxpressoide-11.6.0_8187/ide/plugins/com.nxp.mcuxpresso.tools.linux_11.6.0.202112161359/tools/bin/../lib/gcc/arm-none-eabi/10.3.1/../../../../arm-none-eabi/lib/thumb/v7-m/nofp/libcr_c.a(ftell.o)
                0x00000000000031dc                ftell
 .text.remove   0x0000000000003220       0x14 /usr/local/mcuxpressoide-11.6.0_8187/ide/plugins/com.nxp.mcuxpresso.tools.linux_11.6.0.202112161359/tools/bin/../lib/gcc/arm-none-eabi/10.3.1/../../../../arm-none-eabi/lib/thumb/v7-m/nofp/libcr_c.a(remove.o)
                0x0000000000003220                remove
 .text._sbrk    0x0000000000003234       0x3c /usr/local/mcuxpressoide-11.6.0_8187/ide/plugins/com.nxp.mcuxpresso.tools.linux_11.6.0.202112161359/tools/bin/../lib/gcc/arm-none-eabi/10.3.1/../../../../arm-none-eabi/lib/thumb/v7-m/nofp/libcr_c.a(_cr_sbrk.o)
                0x0000000000003234                _sbrk
 .text._do_fflush
                0x0000000000003270       0x40 /usr/local/mcuxpressoide-11.6.0_8187/ide/plugins/com.nxp.mcuxpresso.tools.linux_11.6.0.202112161359/tools/bin/../lib/gcc/arm-none-eabi/10.3.1/../../../../arm-none-eabi/lib/thumb/v7-m/nofp/libcr_c.a(_do_fflush.o)
                0x0000000000003270                _do_fflush
 .text.__check_heap_overflow
                0x00000000000032b0       0x14 /usr/local/mcuxpressoide-11.6.0_8187/ide/plugins/com.nxp.mcuxpresso.tools.linux_11.6.0.202112161359/tools/bin/../lib/gcc/arm-none-eabi/10.3.1/../../../../arm-none-eabi/lib/thumb/v7-m/nofp/libcr_c.a(_cr_check_heap.o)
                0x00000000000032b0                __check_heap_overflow
 .text.__aeabi_division_uldivmod
                0x00000000000032c4      0x174 /usr/local/mcuxpressoide-11.6.0_8187/ide/plugins/com.nxp.mcuxpresso.tools.linux_11.6.0.202112161359/tools/bin/../lib/gcc/arm-none-eabi/10.3.1/thumb/v7-m/nofp/libcr_eabihelpers.a(division_64.o)
                0x00000000000032c4                __aeabi_uldivmod
                0x00000000000032c8                __bhs_ldivmod1
 .text.__aeabi_division_idiv0
                0x0000000000003438        0x2 /usr/local/mcuxpressoide-11.6.0_8187/ide/plugins/com.nxp.mcuxpresso.tools.linux_11.6.0.202112161359/tools/bin/../lib/gcc/arm-none-eabi/10.3.1/thumb/v7-m/nofp/libcr_eabihelpers.a(division_idiv0.o)
                0x0000000000003438                __aeabi_idiv0
 *fill*         0x000000000000343a        0x2 ff
 .text.__aeabi_dmul
                0x000000000000343c       0xfc /usr/local/mcuxpressoide-11.6.0_8187/ide/plugins/com.nxp.mcuxpresso.tools.linux_11.6.0.202112161359/tools/bin/../lib/gcc/arm-none-eabi/10.3.1/thumb/v7-m/nofp/libcr_eabihelpers.a(double.o)
                0x000000000000343c                __aeabi_dmul
 .text.__aeabi_ddiv
                0x0000000000003538      0x134 /usr/local/mcuxpressoide-11.6.0_8187/ide/plugins/com.nxp.mcuxpresso.tools.linux_11.6.0.202112161359/tools/bin/../lib/gcc/arm-none-eabi/10.3.1/thumb/v7-m/nofp/libcr_eabihelpers.a(double.o)
                0x0000000000003538                __aeabi_ddiv
 .text.__aeabi_dsub
                0x000000000000366c      0x1ac /usr/local/mcuxpressoide-11.6.0_8187/ide/plugins/com.nxp.mcuxpresso.tools.linux_11.6.0.202112161359/tools/bin/../lib/gcc/arm-none-eabi/10.3.1/thumb/v7-m/nofp/libcr_eabihelpers.a(double.o)
                0x000000000000366c                __aeabi_dsub
 .text.__aeabi_dadd
                0x0000000000003818      0x110 /usr/local/mcuxpressoide-11.6.0_8187/ide/plugins/com.nxp.mcuxpresso.tools.linux_11.6.0.202112161359/tools/bin/../lib/gcc/arm-none-eabi/10.3.1/thumb/v7-m/nofp/libcr_eabihelpers.a(double.o)
                0x0000000000003818                __aeabi_dadd
 .text.__aeabi_d2iz
                0x0000000000003928       0x42 /usr/local/mcuxpressoide-11.6.0_8187/ide/plugins/com.nxp.mcuxpresso.tools.linux_11.6.0.202112161359/tools/bin/../lib/gcc/arm-none-eabi/10.3.1/thumb/v7-m/nofp/libcr_eabihelpers.a(double.o)
                0x0000000000003928                __aeabi_d2iz
 .text.__bhs_ui2d
                0x000000000000396a       0x46 /usr/local/mcuxpressoide-11.6.0_8187/ide/plugins/com.nxp.mcuxpresso.tools.linux_11.6.0.202112161359/tools/bin/../lib/gcc/arm-none-eabi/10.3.1/thumb/v7-m/nofp/libcr_eabihelpers.a(double.o)
                0x000000000000396a                __bhs_ui2d
 .text.__aeabi_i2d
                0x00000000000039b0       0x12 /usr/local/mcuxpressoide-11.6.0_8187/ide/plugins/com.nxp.mcuxpresso.tools.linux_11.6.0.202112161359/tools/bin/../lib/gcc/arm-none-eabi/10.3.1/thumb/v7-m/nofp/libcr_eabihelpers.a(double.o)
                0x00000000000039b0                __aeabi_i2d
 .text.__aeabi_dcmpeq
                0x00000000000039c2       0x3c /usr/local/mcuxpressoide-11.6.0_8187/ide/plugins/com.nxp.mcuxpresso.tools.linux_11.6.0.202112161359/tools/bin/../lib/gcc/arm-none-eabi/10.3.1/thumb/v7-m/nofp/libcr_eabihelpers.a(double.o)
                0x00000000000039c2                __aeabi_dcmpeq
 .text.__aeabi_dcmplt
                0x00000000000039fe       0x58 /usr/local/mcuxpressoide-11.6.0_8187/ide/plugins/com.nxp.mcuxpresso.tools.linux_11.6.0.202112161359/tools/bin/../lib/gcc/arm-none-eabi/10.3.1/thumb/v7-m/nofp/libcr_eabihelpers.a(double.o)
                0x00000000000039fe                __aeabi_dcmplt
 .text.__aeabi_dcmple
                0x0000000000003a56       0x62 /usr/local/mcuxpressoide-11.6.0_8187/ide/plugins/com.nxp.mcuxpresso.tools.linux_11.6.0.202112161359/tools/bin/../lib/gcc/arm-none-eabi/10.3.1/thumb/v7-m/nofp/libcr_eabihelpers.a(double.o)
                0x0000000000003a56                __aeabi_dcmple
 .text.__aeabi_dcmpge
                0x0000000000003ab8       0x62 /usr/local/mcuxpressoide-11.6.0_8187/ide/plugins/com.nxp.mcuxpresso.tools.linux_11.6.0.202112161359/tools/bin/../lib/gcc/arm-none-eabi/10.3.1/thumb/v7-m/nofp/libcr_eabihelpers.a(double.o)
                0x0000000000003ab8                __aeabi_dcmpge
 .text.__aeabi_memset_lowlevel
                0x0000000000003b1a       0x32 /usr/local/mcuxpressoide-11.6.0_8187/ide/plugins/com.nxp.mcuxpresso.tools.linux_11.6.0.202112161359/tools/bin/../lib/gcc/arm-none-eabi/10.3.1/thumb/v7-m/nofp/libcr_eabihelpers.a(memcpy.o)
                0x0000000000003b1a                __aeabi_lowlevel_memset
 .text.__sys_appexit
                0x0000000000003b4c        0x2 /usr/local/mcuxpressoide-11.6.0_8187/ide/plugins/com.nxp.mcuxpresso.tools.linux_11.6.0.202112161359/tools/bin/../lib/gcc/arm-none-eabi/10.3.1/../../../../arm-none-eabi/lib/thumb/v7-m/nofp/libcr_nohost.a(__sys_appexit.o)
                0x0000000000003b4c                __exit
                0x0000000000003b4c                __sys_appexit
 .text.__sys_close
                0x0000000000003b4e        0x6 /usr/local/mcuxpressoide-11.6.0_8187/ide/plugins/com.nxp.mcuxpresso.tools.linux_11.6.0.202112161359/tools/bin/../lib/gcc/arm-none-eabi/10.3.1/../../../../arm-none-eabi/lib/thumb/v7-m/nofp/libcr_nohost.a(__sys_close.o)
                0x0000000000003b4e                __sys_close
 .text.__sys_flen
                0x0000000000003b54        0x6 /usr/local/mcuxpressoide-11.6.0_8187/ide/plugins/com.nxp.mcuxpresso.tools.linux_11.6.0.202112161359/tools/bin/../lib/gcc/arm-none-eabi/10.3.1/../../../../arm-none-eabi/lib/thumb/v7-m/nofp/libcr_nohost.a(__sys_flen.o)
                0x0000000000003b54                __sys_flen
 .text.__sys_istty
                0x0000000000003b5a        0x6 /usr/local/mcuxpressoide-11.6.0_8187/ide/plugins/com.nxp.mcuxpresso.tools.linux_11.6.0.202112161359/tools/bin/../lib/gcc/arm-none-eabi/10.3.1/../../../../arm-none-eabi/lib/thumb/v7-m/nofp/libcr_nohost.a(__sys_istty.o)
                0x0000000000003b5a                __sys_istty
 .text.__sys_remove
                0x0000000000003b60        0x6 /usr/local/mcuxpressoide-11.6.0_8187/ide/plugins/com.nxp.mcuxpresso.tools.linux_11.6.0.202112161359/tools/bin/../lib/gcc/arm-none-eabi/10.3.1/../../../../arm-none-eabi/lib/thumb/v7-m/nofp/libcr_nohost.a(__sys_remove.o)
                0x0000000000003b60                __sys_remove
 .text.__sys_seek
                0x0000000000003b66        0x6 /usr/local/mcuxpressoide-11.6.0_8187/ide/plugins/com.nxp.mcuxpresso.tools.linux_11.6.0.202112161359/tools/bin/../lib/gcc/arm-none-eabi/10.3.1/../../../../arm-none-eabi/lib/thumb/v7-m/nofp/libcr_nohost.a(__sys_seek.o)
                0x0000000000003b66                __sys_seek
 .text.__sys_tmpnam
                0x0000000000003b6c        0x6 /usr/local/mcuxpressoide-11.6.0_8187/ide/plugins/com.nxp.mcuxpresso.tools.linux_11.6.0.202112161359/tools/bin/../lib/gcc/arm-none-eabi/10.3.1/../../../../arm-none-eabi/lib/thumb/v7-m/nofp/libcr_nohost.a(__sys_tmpnam.o)
                0x0000000000003b6c                __sys_tmpnam
 .text.__sys_write
                0x0000000000003b72        0x4 /usr/local/mcuxpressoide-11.6.0_8187/ide/plugins/com.nxp.mcuxpresso.tools.linux_11.6.0.202112161359/tools/bin/../lib/gcc/arm-none-eabi/10.3.1/../../../../arm-none-eabi/lib/thumb/v7-m/nofp/libcr_nohost.a(__sys_write.o)
                0x0000000000003b72                __sys_write
 *(.rodata .rodata.* .constdata .constdata.*)
 *fill*         0x0000000000003b76        0x2 ff
 .rodata.sendData.str1.4
                0x0000000000003b78       0x16 ./src/TP_FINAL_Cabrera_Caramuti.o
 .rodata.ADC_Init.str1.1
                0x0000000000003b8e        0xe /home/francabrera/Desktop/Electrónica Digital III/TP_FINAL_LPC1769_CORTEXM3/CMSISv2p00_LPC17xx/Debug/libCMSISv2p00_LPC17xx.a(lpc17xx_adc.o)
 .rodata.CSWTCH.5
                0x0000000000003b9c        0x4 /home/francabrera/Desktop/Electrónica Digital III/TP_FINAL_LPC1769_CORTEXM3/CMSISv2p00_LPC17xx/Debug/libCMSISv2p00_LPC17xx.a(lpc17xx_clkpwr.o)
 .rodata.TIM_GetIntStatus.str1.1
                0x0000000000003ba0       0x10 /home/francabrera/Desktop/Electrónica Digital III/TP_FINAL_LPC1769_CORTEXM3/CMSISv2p00_LPC17xx/Debug/libCMSISv2p00_LPC17xx.a(lpc17xx_timer.o)
 .rodata.UART_Init.str1.1
                0x0000000000003bb0        0xf /home/francabrera/Desktop/Electrónica Digital III/TP_FINAL_LPC1769_CORTEXM3/CMSISv2p00_LPC17xx/Debug/libCMSISv2p00_LPC17xx.a(lpc17xx_uart.o)
 .rodata.fp_display.str1.1
                0x0000000000003bbf       0x34 /usr/local/mcuxpressoide-11.6.0_8187/ide/plugins/com.nxp.mcuxpresso.tools.linux_11.6.0.202112161359/tools/bin/../lib/gcc/arm-none-eabi/10.3.1/../../../../arm-none-eabi/lib/thumb/v7-m/nofp/libcr_c.a(fpprintf.o)
                                         0x35 (size before relaxing)
 .rodata._initio.str1.1
                0x0000000000003bf3        0x4 /usr/local/mcuxpressoide-11.6.0_8187/ide/plugins/com.nxp.mcuxpresso.tools.linux_11.6.0.202112161359/tools/bin/../lib/gcc/arm-none-eabi/10.3.1/../../../../arm-none-eabi/lib/thumb/v7-m/nofp/libcr_c.a(initio.o)
 .rodata.__vfprintf.str1.1
                0x0000000000003bf7       0x31 /usr/local/mcuxpressoide-11.6.0_8187/ide/plugins/com.nxp.mcuxpresso.tools.linux_11.6.0.202112161359/tools/bin/../lib/gcc/arm-none-eabi/10.3.1/../../../../arm-none-eabi/lib/thumb/v7-m/nofp/libcr_c.a(printf.o)
                                         0x38 (size before relaxing)
 .rodata._Csys_alloc.str1.1
                0x0000000000003c28       0x18 /usr/local/mcuxpressoide-11.6.0_8187/ide/plugins/com.nxp.mcuxpresso.tools.linux_11.6.0.202112161359/tools/bin/../lib/gcc/arm-none-eabi/10.3.1/../../../../arm-none-eabi/lib/thumb/v7-m/nofp/libcr_c.a(alloc.o)
 .rodata.__num_Ciob_streams
                0x0000000000003c40        0x4 /usr/local/mcuxpressoide-11.6.0_8187/ide/plugins/com.nxp.mcuxpresso.tools.linux_11.6.0.202112161359/tools/bin/../lib/gcc/arm-none-eabi/10.3.1/../../../../arm-none-eabi/lib/thumb/v7-m/nofp/libcr_nohost.a(__ciob.o)
                0x0000000000003c40                __num_Ciob_streams
                0x0000000000003c44                . = ALIGN (0x4)

.glue_7         0x0000000000003c44        0x0
 .glue_7        0x0000000000003c44        0x0 linker stubs

.glue_7t        0x0000000000003c44        0x0
 .glue_7t       0x0000000000003c44        0x0 linker stubs

.vfp11_veneer   0x0000000000003c44        0x0
 .vfp11_veneer  0x0000000000003c44        0x0 linker stubs

.v4_bx          0x0000000000003c44        0x0
 .v4_bx         0x0000000000003c44        0x0 linker stubs

.iplt           0x0000000000003c44        0x0
 .iplt          0x0000000000003c44        0x0 ./src/TP_FINAL_Cabrera_Caramuti.o

.rel.dyn        0x0000000000003c44        0x0
 .rel.iplt      0x0000000000003c44        0x0 ./src/TP_FINAL_Cabrera_Caramuti.o

.ARM.extab
 *(.ARM.extab* .gnu.linkonce.armextab.*)

.ARM.exidx      0x0000000000003c44        0x0
                0x0000000000003c44                __exidx_start = .
 *(.ARM.exidx* .gnu.linkonce.armexidx.*)
                0x0000000000003c44                __exidx_end = .
                0x0000000000003c44                _etext = .

.data_RAM2      0x000000002007c000        0x0 load address 0x0000000000003c44
 FILL mask 0xff
                [!provide]                        PROVIDE (__start_data_RAM2 = .)
                [!provide]                        PROVIDE (__start_data_RamAHB32 = .)
 *(.ramfunc.$RAM2)
 *(.ramfunc.$RamAHB32)
 *(.data.$RAM2)
 *(.data.$RamAHB32)
 *(.data.$RAM2.*)
 *(.data.$RamAHB32.*)
                0x000000002007c000                . = ALIGN (0x4)
                [!provide]                        PROVIDE (__end_data_RAM2 = .)
                [!provide]                        PROVIDE (__end_data_RamAHB32 = .)

.uninit_RESERVED
                0x0000000010000000        0x0
                0x0000000010000000                _start_uninit_RESERVED = .
 *(.bss.$RESERVED*)
                0x0000000010000000                . = ALIGN (0x4)
                0x0000000010000000                _end_uninit_RESERVED = .

.data           0x0000000010000000       0x14 load address 0x0000000000003c44
 FILL mask 0xff
                0x0000000010000000                _data = .
                [!provide]                        PROVIDE (__start_data_RAM = .)
                [!provide]                        PROVIDE (__start_data_RamLoc32 = .)
 *(vtable)
 *(.ramfunc*)
 *(CodeQuickAccess)
 *(DataQuickAccess)
 *(RamFunction)
 *(.data*)
 .data.level    0x0000000010000000        0x1 ./src/TP_FINAL_Cabrera_Caramuti.o
                0x0000000010000000                level
 *fill*         0x0000000010000001        0x3 ff
 .data.duty_cycle
                0x0000000010000004        0xc ./src/TP_FINAL_Cabrera_Caramuti.o
                0x0000000010000004                duty_cycle
 .data.SystemCoreClock
                0x0000000010000010        0x4 /home/francabrera/Desktop/Electrónica Digital III/TP_FINAL_LPC1769_CORTEXM3/CMSISv2p00_LPC17xx/Debug/libCMSISv2p00_LPC17xx.a(system_LPC17xx.o)
                0x0000000010000010                SystemCoreClock
                0x0000000010000014                . = ALIGN (0x4)
                0x0000000010000014                _edata = .
                [!provide]                        PROVIDE (__end_data_RAM = .)
                [!provide]                        PROVIDE (__end_data_RamLoc32 = .)

.igot.plt       0x0000000010000014        0x0 load address 0x0000000000003c58
 .igot.plt      0x0000000010000014        0x0 ./src/TP_FINAL_Cabrera_Caramuti.o

.bss_RAM2       0x000000002007c000        0x0
                [!provide]                        PROVIDE (__start_bss_RAM2 = .)
                [!provide]                        PROVIDE (__start_bss_RamAHB32 = .)
 *(.bss.$RAM2)
 *(.bss.$RamAHB32)
 *(.bss.$RAM2.*)
 *(.bss.$RamAHB32.*)
                0x000000002007c000                . = ALIGN ((. != 0x0)?0x4:0x1)
                [!provide]                        PROVIDE (__end_bss_RAM2 = .)
                [!provide]                        PROVIDE (__end_bss_RamAHB32 = .)

.bss            0x0000000010000014      0x204
                0x0000000010000014                _bss = .
                [!provide]                        PROVIDE (__start_bss_RAM = .)
                [!provide]                        PROVIDE (__start_bss_RamLoc32 = .)
 *(.bss*)
 .bss.weight    0x0000000010000014        0x2 ./src/TP_FINAL_Cabrera_Caramuti.o
                0x0000000010000014                weight
 *fill*         0x0000000010000016        0x2 
 .bss.array     0x0000000010000018       0x10 ./src/TP_FINAL_Cabrera_Caramuti.o
                0x0000000010000018                array
 .bss.tare      0x0000000010000028        0x2 ./src/TP_FINAL_Cabrera_Caramuti.o
                0x0000000010000028                tare
 .bss.iterator  0x000000001000002a        0x1 ./src/TP_FINAL_Cabrera_Caramuti.o
                0x000000001000002a                iterator
 .bss.counter   0x000000001000002b        0x1 ./src/TP_FINAL_Cabrera_Caramuti.o
                0x000000001000002b                counter
 .bss.errno     0x000000001000002c        0x4 /usr/local/mcuxpressoide-11.6.0_8187/ide/plugins/com.nxp.mcuxpresso.tools.linux_11.6.0.202112161359/tools/bin/../lib/gcc/arm-none-eabi/10.3.1/../../../../arm-none-eabi/lib/thumb/v7-m/nofp/libcr_c.a(errno.o)
                0x000000001000002c                errno
 .bss.__end_of_heap
                0x0000000010000030        0x4 /usr/local/mcuxpressoide-11.6.0_8187/ide/plugins/com.nxp.mcuxpresso.tools.linux_11.6.0.202112161359/tools/bin/../lib/gcc/arm-none-eabi/10.3.1/../../../../arm-none-eabi/lib/thumb/v7-m/nofp/libcr_c.a(__init_alloc.o)
                0x0000000010000030                __end_of_heap
 .bss.__heaps   0x0000000010000034        0x4 /usr/local/mcuxpressoide-11.6.0_8187/ide/plugins/com.nxp.mcuxpresso.tools.linux_11.6.0.202112161359/tools/bin/../lib/gcc/arm-none-eabi/10.3.1/../../../../arm-none-eabi/lib/thumb/v7-m/nofp/libcr_c.a(__init_alloc.o)
                0x0000000010000034                __heaps
 .bss.__Ciob    0x0000000010000038      0x1e0 /usr/local/mcuxpressoide-11.6.0_8187/ide/plugins/com.nxp.mcuxpresso.tools.linux_11.6.0.202112161359/tools/bin/../lib/gcc/arm-none-eabi/10.3.1/../../../../arm-none-eabi/lib/thumb/v7-m/nofp/libcr_nohost.a(__ciob.o)
                0x0000000010000038                __Ciob
 *(COMMON)
                0x0000000010000218                . = ALIGN (0x4)
                0x0000000010000218                _ebss = .
                [!provide]                        PROVIDE (__end_bss_RAM = .)
                [!provide]                        PROVIDE (__end_bss_RamLoc32 = .)
                [!provide]                        PROVIDE (end = .)

.noinit_RAM2    0x000000002007c000        0x0
                [!provide]                        PROVIDE (__start_noinit_RAM2 = .)
                [!provide]                        PROVIDE (__start_noinit_RamAHB32 = .)
 *(.noinit.$RAM2)
 *(.noinit.$RamAHB32)
 *(.noinit.$RAM2.*)
 *(.noinit.$RamAHB32.*)
                0x000000002007c000                . = ALIGN (0x4)
                [!provide]                        PROVIDE (__end_noinit_RAM2 = .)
                [!provide]                        PROVIDE (__end_noinit_RamAHB32 = .)

.noinit         0x0000000010000218        0x0
                0x0000000010000218                _noinit = .
                [!provide]                        PROVIDE (__start_noinit_RAM = .)
                [!provide]                        PROVIDE (__start_noinit_RamLoc32 = .)
 *(.noinit*)
                0x0000000010000218                . = ALIGN (0x4)
                0x0000000010000218                _end_noinit = .
                [!provide]                        PROVIDE (__end_noinit_RAM = .)
                [!provide]                        PROVIDE (__end_noinit_RamLoc32 = .)
                0x0000000010000218                PROVIDE (_pvHeapStart = DEFINED (__user_heap_base)?__user_heap_base:.)
                0x0000000010008000                PROVIDE (_vStackTop = DEFINED (__user_stack_top)?__user_stack_top:(__top_RamLoc32 - 0x0))
                0xffffffffefff74c6                PROVIDE (__valid_user_code_checksum = (0x0 - ((((((_vStackTop + (ResetISR + 0x1)) + (NMI_Handler + 0x1)) + (HardFault_Handler + 0x1)) + (DEFINED (MemManage_Handler)?MemManage_Handler:0x0 + 0x1)) + (DEFINED (BusFault_Handler)?BusFault_Handler:0x0 + 0x1)) + (DEFINED (UsageFault_Handler)?UsageFault_Handler:0x0 + 0x1))))
                0x0000000000000000                _image_start = LOADADDR (.text)
                0x0000000000003c58                _image_end = (LOADADDR (.data) + SIZEOF (.data))
                0x0000000000003c58                _image_size = (_image_end - _image_start)
OUTPUT(TP_FINAL_Cabrera_Caramuti.axf elf32-littlearm)
LOAD linker stubs

.debug_info     0x0000000000000000     0x624f
 .debug_info    0x0000000000000000      0xb91 ./src/TP_FINAL_Cabrera_Caramuti.o
 .debug_info    0x0000000000000b91      0x27f ./src/cr_startup_lpc175x_6x.o
 .debug_info    0x0000000000000e10       0x40 ./src/crp.o
 .debug_info    0x0000000000000e50     0x11d0 ./src/initialconfig.o
 .debug_info    0x0000000000002020      0x56a ./src/loadcell.o
 .debug_info    0x000000000000258a      0x347 /home/francabrera/Desktop/Electrónica Digital III/TP_FINAL_LPC1769_CORTEXM3/CMSISv2p00_LPC17xx/Debug/libCMSISv2p00_LPC17xx.a(system_LPC17xx.o)
 .debug_info    0x00000000000028d1      0x8f0 /home/francabrera/Desktop/Electrónica Digital III/TP_FINAL_LPC1769_CORTEXM3/CMSISv2p00_LPC17xx/Debug/libCMSISv2p00_LPC17xx.a(lpc17xx_adc.o)
 .debug_info    0x00000000000031c1      0x6ca /home/francabrera/Desktop/Electrónica Digital III/TP_FINAL_LPC1769_CORTEXM3/CMSISv2p00_LPC17xx/Debug/libCMSISv2p00_LPC17xx.a(lpc17xx_clkpwr.o)
 .debug_info    0x000000000000388b       0xd4 /home/francabrera/Desktop/Electrónica Digital III/TP_FINAL_LPC1769_CORTEXM3/CMSISv2p00_LPC17xx/Debug/libCMSISv2p00_LPC17xx.a(lpc17xx_libcfg_default.o)
 .debug_info    0x000000000000395f      0xc54 /home/francabrera/Desktop/Electrónica Digital III/TP_FINAL_LPC1769_CORTEXM3/CMSISv2p00_LPC17xx/Debug/libCMSISv2p00_LPC17xx.a(lpc17xx_timer.o)
 .debug_info    0x00000000000045b3     0x1c9c /home/francabrera/Desktop/Electrónica Digital III/TP_FINAL_LPC1769_CORTEXM3/CMSISv2p00_LPC17xx/Debug/libCMSISv2p00_LPC17xx.a(lpc17xx_uart.o)

.debug_abbrev   0x0000000000000000     0x12ab
 .debug_abbrev  0x0000000000000000      0x20e ./src/TP_FINAL_Cabrera_Caramuti.o
 .debug_abbrev  0x000000000000020e      0x122 ./src/cr_startup_lpc175x_6x.o
 .debug_abbrev  0x0000000000000330       0x38 ./src/crp.o
 .debug_abbrev  0x0000000000000368      0x23e ./src/initialconfig.o
 .debug_abbrev  0x00000000000005a6      0x1aa ./src/loadcell.o
 .debug_abbrev  0x0000000000000750      0x10e /home/francabrera/Desktop/Electrónica Digital III/TP_FINAL_LPC1769_CORTEXM3/CMSISv2p00_LPC17xx/Debug/libCMSISv2p00_LPC17xx.a(system_LPC17xx.o)
 .debug_abbrev  0x000000000000085e      0x1bb /home/francabrera/Desktop/Electrónica Digital III/TP_FINAL_LPC1769_CORTEXM3/CMSISv2p00_LPC17xx/Debug/libCMSISv2p00_LPC17xx.a(lpc17xx_adc.o)
 .debug_abbrev  0x0000000000000a19      0x1f1 /home/francabrera/Desktop/Electrónica Digital III/TP_FINAL_LPC1769_CORTEXM3/CMSISv2p00_LPC17xx/Debug/libCMSISv2p00_LPC17xx.a(lpc17xx_clkpwr.o)
 .debug_abbrev  0x0000000000000c0a       0x75 /home/francabrera/Desktop/Electrónica Digital III/TP_FINAL_LPC1769_CORTEXM3/CMSISv2p00_LPC17xx/Debug/libCMSISv2p00_LPC17xx.a(lpc17xx_libcfg_default.o)
 .debug_abbrev  0x0000000000000c7f      0x2c8 /home/francabrera/Desktop/Electrónica Digital III/TP_FINAL_LPC1769_CORTEXM3/CMSISv2p00_LPC17xx/Debug/libCMSISv2p00_LPC17xx.a(lpc17xx_timer.o)
 .debug_abbrev  0x0000000000000f47      0x364 /home/francabrera/Desktop/Electrónica Digital III/TP_FINAL_LPC1769_CORTEXM3/CMSISv2p00_LPC17xx/Debug/libCMSISv2p00_LPC17xx.a(lpc17xx_uart.o)

.debug_aranges  0x0000000000000000      0x430
 .debug_aranges
                0x0000000000000000       0x60 ./src/TP_FINAL_Cabrera_Caramuti.o
 .debug_aranges
                0x0000000000000060       0x80 ./src/cr_startup_lpc175x_6x.o
 .debug_aranges
                0x00000000000000e0       0x18 ./src/crp.o
 .debug_aranges
                0x00000000000000f8       0x60 ./src/initialconfig.o
 .debug_aranges
                0x0000000000000158       0x40 ./src/loadcell.o
 .debug_aranges
                0x0000000000000198       0x28 /home/francabrera/Desktop/Electrónica Digital III/TP_FINAL_LPC1769_CORTEXM3/CMSISv2p00_LPC17xx/Debug/libCMSISv2p00_LPC17xx.a(system_LPC17xx.o)
 .debug_aranges
                0x00000000000001c0       0x80 /home/francabrera/Desktop/Electrónica Digital III/TP_FINAL_LPC1769_CORTEXM3/CMSISv2p00_LPC17xx/Debug/libCMSISv2p00_LPC17xx.a(lpc17xx_adc.o)
 .debug_aranges
                0x0000000000000240       0x58 /home/francabrera/Desktop/Electrónica Digital III/TP_FINAL_LPC1769_CORTEXM3/CMSISv2p00_LPC17xx/Debug/libCMSISv2p00_LPC17xx.a(lpc17xx_clkpwr.o)
 .debug_aranges
                0x0000000000000298       0x20 /home/francabrera/Desktop/Electrónica Digital III/TP_FINAL_LPC1769_CORTEXM3/CMSISv2p00_LPC17xx/Debug/libCMSISv2p00_LPC17xx.a(lpc17xx_libcfg_default.o)
 .debug_aranges
                0x00000000000002b8       0x80 /home/francabrera/Desktop/Electrónica Digital III/TP_FINAL_LPC1769_CORTEXM3/CMSISv2p00_LPC17xx/Debug/libCMSISv2p00_LPC17xx.a(lpc17xx_timer.o)
 .debug_aranges
                0x0000000000000338       0xf8 /home/francabrera/Desktop/Electrónica Digital III/TP_FINAL_LPC1769_CORTEXM3/CMSISv2p00_LPC17xx/Debug/libCMSISv2p00_LPC17xx.a(lpc17xx_uart.o)

.debug_ranges   0x0000000000000000      0x438
 .debug_ranges  0x0000000000000000       0x50 ./src/TP_FINAL_Cabrera_Caramuti.o
 .debug_ranges  0x0000000000000050       0x70 ./src/cr_startup_lpc175x_6x.o
 .debug_ranges  0x00000000000000c0       0x50 ./src/initialconfig.o
 .debug_ranges  0x0000000000000110       0x30 ./src/loadcell.o
 .debug_ranges  0x0000000000000140       0x18 /home/francabrera/Desktop/Electrónica Digital III/TP_FINAL_LPC1769_CORTEXM3/CMSISv2p00_LPC17xx/Debug/libCMSISv2p00_LPC17xx.a(system_LPC17xx.o)
 .debug_ranges  0x0000000000000158       0x70 /home/francabrera/Desktop/Electrónica Digital III/TP_FINAL_LPC1769_CORTEXM3/CMSISv2p00_LPC17xx/Debug/libCMSISv2p00_LPC17xx.a(lpc17xx_adc.o)
 .debug_ranges  0x00000000000001c8       0x48 /home/francabrera/Desktop/Electrónica Digital III/TP_FINAL_LPC1769_CORTEXM3/CMSISv2p00_LPC17xx/Debug/libCMSISv2p00_LPC17xx.a(lpc17xx_clkpwr.o)
 .debug_ranges  0x0000000000000210       0x10 /home/francabrera/Desktop/Electrónica Digital III/TP_FINAL_LPC1769_CORTEXM3/CMSISv2p00_LPC17xx/Debug/libCMSISv2p00_LPC17xx.a(lpc17xx_libcfg_default.o)
 .debug_ranges  0x0000000000000220       0xe8 /home/francabrera/Desktop/Electrónica Digital III/TP_FINAL_LPC1769_CORTEXM3/CMSISv2p00_LPC17xx/Debug/libCMSISv2p00_LPC17xx.a(lpc17xx_timer.o)
 .debug_ranges  0x0000000000000308      0x130 /home/francabrera/Desktop/Electrónica Digital III/TP_FINAL_LPC1769_CORTEXM3/CMSISv2p00_LPC17xx/Debug/libCMSISv2p00_LPC17xx.a(lpc17xx_uart.o)

.debug_macro    0x0000000000000000     0x4109
 .debug_macro   0x0000000000000000       0xc6 ./src/TP_FINAL_Cabrera_Caramuti.o
 .debug_macro   0x00000000000000c6      0xa7e ./src/TP_FINAL_Cabrera_Caramuti.o
 .debug_macro   0x0000000000000b44       0x10 ./src/TP_FINAL_Cabrera_Caramuti.o
 .debug_macro   0x0000000000000b54      0x12e ./src/TP_FINAL_Cabrera_Caramuti.o
 .debug_macro   0x0000000000000c82       0xa0 ./src/TP_FINAL_Cabrera_Caramuti.o
 .debug_macro   0x0000000000000d22       0x1c ./src/TP_FINAL_Cabrera_Caramuti.o
 .debug_macro   0x0000000000000d3e       0x2e ./src/TP_FINAL_Cabrera_Caramuti.o
 .debug_macro   0x0000000000000d6c      0x5b3 ./src/TP_FINAL_Cabrera_Caramuti.o
 .debug_macro   0x000000000000131f       0x18 ./src/TP_FINAL_Cabrera_Caramuti.o
 .debug_macro   0x0000000000001337      0x7af ./src/TP_FINAL_Cabrera_Caramuti.o
 .debug_macro   0x0000000000001ae6      0x2c7 ./src/TP_FINAL_Cabrera_Caramuti.o
 .debug_macro   0x0000000000001dad       0x5d ./src/TP_FINAL_Cabrera_Caramuti.o
 .debug_macro   0x0000000000001e0a      0x334 ./src/TP_FINAL_Cabrera_Caramuti.o
 .debug_macro   0x000000000000213e       0xea ./src/TP_FINAL_Cabrera_Caramuti.o
 .debug_macro   0x0000000000002228       0x34 ./src/TP_FINAL_Cabrera_Caramuti.o
 .debug_macro   0x000000000000225c       0x1d ./src/cr_startup_lpc175x_6x.o
 .debug_macro   0x0000000000002279       0x1a ./src/crp.o
 .debug_macro   0x0000000000002293       0x34 ./src/crp.o
 .debug_macro   0x00000000000022c7       0xb2 ./src/initialconfig.o
 .debug_macro   0x0000000000002379       0x63 ./src/initialconfig.o
 .debug_macro   0x00000000000023dc       0xe5 ./src/initialconfig.o
 .debug_macro   0x00000000000024c1      0x33a ./src/initialconfig.o
 .debug_macro   0x00000000000027fb       0x88 ./src/loadcell.o
 .debug_macro   0x0000000000002883      0x12b /home/francabrera/Desktop/Electrónica Digital III/TP_FINAL_LPC1769_CORTEXM3/CMSISv2p00_LPC17xx/Debug/libCMSISv2p00_LPC17xx.a(system_LPC17xx.o)
 .debug_macro   0x00000000000029ae      0xa78 /home/francabrera/Desktop/Electrónica Digital III/TP_FINAL_LPC1769_CORTEXM3/CMSISv2p00_LPC17xx/Debug/libCMSISv2p00_LPC17xx.a(system_LPC17xx.o)
 .debug_macro   0x0000000000003426       0x9f /home/francabrera/Desktop/Electrónica Digital III/TP_FINAL_LPC1769_CORTEXM3/CMSISv2p00_LPC17xx/Debug/libCMSISv2p00_LPC17xx.a(lpc17xx_adc.o)
 .debug_macro   0x00000000000034c5      0x2f7 /home/francabrera/Desktop/Electrónica Digital III/TP_FINAL_LPC1769_CORTEXM3/CMSISv2p00_LPC17xx/Debug/libCMSISv2p00_LPC17xx.a(lpc17xx_adc.o)
 .debug_macro   0x00000000000037bc       0xd7 /home/francabrera/Desktop/Electrónica Digital III/TP_FINAL_LPC1769_CORTEXM3/CMSISv2p00_LPC17xx/Debug/libCMSISv2p00_LPC17xx.a(lpc17xx_adc.o)
 .debug_macro   0x0000000000003893       0x8d /home/francabrera/Desktop/Electrónica Digital III/TP_FINAL_LPC1769_CORTEXM3/CMSISv2p00_LPC17xx/Debug/libCMSISv2p00_LPC17xx.a(lpc17xx_clkpwr.o)
 .debug_macro   0x0000000000003920      0x2f1 /home/francabrera/Desktop/Electrónica Digital III/TP_FINAL_LPC1769_CORTEXM3/CMSISv2p00_LPC17xx/Debug/libCMSISv2p00_LPC17xx.a(lpc17xx_clkpwr.o)
 .debug_macro   0x0000000000003c11       0x5a /home/francabrera/Desktop/Electrónica Digital III/TP_FINAL_LPC1769_CORTEXM3/CMSISv2p00_LPC17xx/Debug/libCMSISv2p00_LPC17xx.a(lpc17xx_libcfg_default.o)
 .debug_macro   0x0000000000003c6b       0x5d /home/francabrera/Desktop/Electrónica Digital III/TP_FINAL_LPC1769_CORTEXM3/CMSISv2p00_LPC17xx/Debug/libCMSISv2p00_LPC17xx.a(lpc17xx_libcfg_default.o)
 .debug_macro   0x0000000000003cc8       0xd1 /home/francabrera/Desktop/Electrónica Digital III/TP_FINAL_LPC1769_CORTEXM3/CMSISv2p00_LPC17xx/Debug/libCMSISv2p00_LPC17xx.a(lpc17xx_libcfg_default.o)
 .debug_macro   0x0000000000003d99       0xa8 /home/francabrera/Desktop/Electrónica Digital III/TP_FINAL_LPC1769_CORTEXM3/CMSISv2p00_LPC17xx/Debug/libCMSISv2p00_LPC17xx.a(lpc17xx_timer.o)
 .debug_macro   0x0000000000003e41       0xe4 /home/francabrera/Desktop/Electrónica Digital III/TP_FINAL_LPC1769_CORTEXM3/CMSISv2p00_LPC17xx/Debug/libCMSISv2p00_LPC17xx.a(lpc17xx_timer.o)
 .debug_macro   0x0000000000003f25      0x145 /home/francabrera/Desktop/Electrónica Digital III/TP_FINAL_LPC1769_CORTEXM3/CMSISv2p00_LPC17xx/Debug/libCMSISv2p00_LPC17xx.a(lpc17xx_timer.o)
 .debug_macro   0x000000000000406a       0x9f /home/francabrera/Desktop/Electrónica Digital III/TP_FINAL_LPC1769_CORTEXM3/CMSISv2p00_LPC17xx/Debug/libCMSISv2p00_LPC17xx.a(lpc17xx_uart.o)

.debug_line     0x0000000000000000     0x3b98
 .debug_line    0x0000000000000000      0x4bb ./src/TP_FINAL_Cabrera_Caramuti.o
 .debug_line    0x00000000000004bb      0x160 ./src/cr_startup_lpc175x_6x.o
 .debug_line    0x000000000000061b       0xb5 ./src/crp.o
 .debug_line    0x00000000000006d0      0x484 ./src/initialconfig.o
 .debug_line    0x0000000000000b54      0x32b ./src/loadcell.o
 .debug_line    0x0000000000000e7f      0x43c /home/francabrera/Desktop/Electrónica Digital III/TP_FINAL_LPC1769_CORTEXM3/CMSISv2p00_LPC17xx/Debug/libCMSISv2p00_LPC17xx.a(system_LPC17xx.o)
 .debug_line    0x00000000000012bb      0x6b2 /home/francabrera/Desktop/Electrónica Digital III/TP_FINAL_LPC1769_CORTEXM3/CMSISv2p00_LPC17xx/Debug/libCMSISv2p00_LPC17xx.a(lpc17xx_adc.o)
 .debug_line    0x000000000000196d      0x483 /home/francabrera/Desktop/Electrónica Digital III/TP_FINAL_LPC1769_CORTEXM3/CMSISv2p00_LPC17xx/Debug/libCMSISv2p00_LPC17xx.a(lpc17xx_clkpwr.o)
 .debug_line    0x0000000000001df0      0x23d /home/francabrera/Desktop/Electrónica Digital III/TP_FINAL_LPC1769_CORTEXM3/CMSISv2p00_LPC17xx/Debug/libCMSISv2p00_LPC17xx.a(lpc17xx_libcfg_default.o)
 .debug_line    0x000000000000202d      0x963 /home/francabrera/Desktop/Electrónica Digital III/TP_FINAL_LPC1769_CORTEXM3/CMSISv2p00_LPC17xx/Debug/libCMSISv2p00_LPC17xx.a(lpc17xx_timer.o)
 .debug_line    0x0000000000002990     0x1208 /home/francabrera/Desktop/Electrónica Digital III/TP_FINAL_LPC1769_CORTEXM3/CMSISv2p00_LPC17xx/Debug/libCMSISv2p00_LPC17xx.a(lpc17xx_uart.o)

.debug_str      0x0000000000000000     0xe8fe
 .debug_str     0x0000000000000000     0xac3e ./src/TP_FINAL_Cabrera_Caramuti.o
                                       0xace1 (size before relaxing)
 .debug_str     0x000000000000ac3e      0x1c2 ./src/cr_startup_lpc175x_6x.o
                                       0x2eec (size before relaxing)
 .debug_str     0x000000000000ae00       0xe9 ./src/crp.o
                                       0x2e0d (size before relaxing)
 .debug_str     0x000000000000aee9      0xf1a ./src/initialconfig.o
                                       0xb85a (size before relaxing)
 .debug_str     0x000000000000be03       0x2f ./src/loadcell.o
                                       0x8726 (size before relaxing)
 .debug_str     0x000000000000be32      0x454 /home/francabrera/Desktop/Electrónica Digital III/TP_FINAL_LPC1769_CORTEXM3/CMSISv2p00_LPC17xx/Debug/libCMSISv2p00_LPC17xx.a(system_LPC17xx.o)
                                       0x88cb (size before relaxing)
 .debug_str     0x000000000000c286     0x15a5 /home/francabrera/Desktop/Electrónica Digital III/TP_FINAL_LPC1769_CORTEXM3/CMSISv2p00_LPC17xx/Debug/libCMSISv2p00_LPC17xx.a(lpc17xx_adc.o)
                                       0xa4ab (size before relaxing)
 .debug_str     0x000000000000d82b      0x100 /home/francabrera/Desktop/Electrónica Digital III/TP_FINAL_LPC1769_CORTEXM3/CMSISv2p00_LPC17xx/Debug/libCMSISv2p00_LPC17xx.a(lpc17xx_clkpwr.o)
                                       0x9ac5 (size before relaxing)
 .debug_str     0x000000000000d92b       0x2d /home/francabrera/Desktop/Electrónica Digital III/TP_FINAL_LPC1769_CORTEXM3/CMSISv2p00_LPC17xx/Debug/libCMSISv2p00_LPC17xx.a(lpc17xx_libcfg_default.o)
                                       0x46ec (size before relaxing)
 .debug_str     0x000000000000d958      0x73b /home/francabrera/Desktop/Electrónica Digital III/TP_FINAL_LPC1769_CORTEXM3/CMSISv2p00_LPC17xx/Debug/libCMSISv2p00_LPC17xx.a(lpc17xx_timer.o)
                                       0xaae3 (size before relaxing)
 .debug_str     0x000000000000e093      0x86b /home/francabrera/Desktop/Electrónica Digital III/TP_FINAL_LPC1769_CORTEXM3/CMSISv2p00_LPC17xx/Debug/libCMSISv2p00_LPC17xx.a(lpc17xx_uart.o)
                                       0xbb73 (size before relaxing)

.comment        0x0000000000000000       0x49
 .comment       0x0000000000000000       0x49 ./src/TP_FINAL_Cabrera_Caramuti.o
                                         0x4a (size before relaxing)
 .comment       0x0000000000000049       0x4a ./src/cr_startup_lpc175x_6x.o
 .comment       0x0000000000000049       0x4a ./src/crp.o
 .comment       0x0000000000000049       0x4a ./src/initialconfig.o
 .comment       0x0000000000000049       0x4a ./src/loadcell.o
 .comment       0x0000000000000049       0x4a /home/francabrera/Desktop/Electrónica Digital III/TP_FINAL_LPC1769_CORTEXM3/CMSISv2p00_LPC17xx/Debug/libCMSISv2p00_LPC17xx.a(system_LPC17xx.o)
 .comment       0x0000000000000049       0x4a /home/francabrera/Desktop/Electrónica Digital III/TP_FINAL_LPC1769_CORTEXM3/CMSISv2p00_LPC17xx/Debug/libCMSISv2p00_LPC17xx.a(lpc17xx_adc.o)
 .comment       0x0000000000000049       0x4a /home/francabrera/Desktop/Electrónica Digital III/TP_FINAL_LPC1769_CORTEXM3/CMSISv2p00_LPC17xx/Debug/libCMSISv2p00_LPC17xx.a(lpc17xx_clkpwr.o)
 .comment       0x0000000000000049       0x4a /home/francabrera/Desktop/Electrónica Digital III/TP_FINAL_LPC1769_CORTEXM3/CMSISv2p00_LPC17xx/Debug/libCMSISv2p00_LPC17xx.a(lpc17xx_libcfg_default.o)
 .comment       0x0000000000000049       0x4a /home/francabrera/Desktop/Electrónica Digital III/TP_FINAL_LPC1769_CORTEXM3/CMSISv2p00_LPC17xx/Debug/libCMSISv2p00_LPC17xx.a(lpc17xx_timer.o)
 .comment       0x0000000000000049       0x4a /home/francabrera/Desktop/Electrónica Digital III/TP_FINAL_LPC1769_CORTEXM3/CMSISv2p00_LPC17xx/Debug/libCMSISv2p00_LPC17xx.a(lpc17xx_uart.o)
 .comment       0x0000000000000049       0x4a /usr/local/mcuxpressoide-11.6.0_8187/ide/plugins/com.nxp.mcuxpresso.tools.linux_11.6.0.202112161359/tools/bin/../lib/gcc/arm-none-eabi/10.3.1/../../../../arm-none-eabi/lib/thumb/v7-m/nofp/libcr_nohost.a(_cr__main.o)
 .comment       0x0000000000000049       0x4a /usr/local/mcuxpressoide-11.6.0_8187/ide/plugins/com.nxp.mcuxpresso.tools.linux_11.6.0.202112161359/tools/bin/../lib/gcc/arm-none-eabi/10.3.1/../../../../arm-none-eabi/lib/thumb/v7-m/nofp/libcr_c.a(fpprintf.o)
 .comment       0x0000000000000049       0x4a /usr/local/mcuxpressoide-11.6.0_8187/ide/plugins/com.nxp.mcuxpresso.tools.linux_11.6.0.202112161359/tools/bin/../lib/gcc/arm-none-eabi/10.3.1/../../../../arm-none-eabi/lib/thumb/v7-m/nofp/libcr_c.a(initio.o)
 .comment       0x0000000000000049       0x4a /usr/local/mcuxpressoide-11.6.0_8187/ide/plugins/com.nxp.mcuxpresso.tools.linux_11.6.0.202112161359/tools/bin/../lib/gcc/arm-none-eabi/10.3.1/../../../../arm-none-eabi/lib/thumb/v7-m/nofp/libcr_c.a(printf.o)
 .comment       0x0000000000000049       0x4a /usr/local/mcuxpressoide-11.6.0_8187/ide/plugins/com.nxp.mcuxpresso.tools.linux_11.6.0.202112161359/tools/bin/../lib/gcc/arm-none-eabi/10.3.1/../../../../arm-none-eabi/lib/thumb/v7-m/nofp/libcr_c.a(setvbuf.o)
 .comment       0x0000000000000049       0x4a /usr/local/mcuxpressoide-11.6.0_8187/ide/plugins/com.nxp.mcuxpresso.tools.linux_11.6.0.202112161359/tools/bin/../lib/gcc/arm-none-eabi/10.3.1/../../../../arm-none-eabi/lib/thumb/v7-m/nofp/libcr_c.a(strlen.o)
 .comment       0x0000000000000049       0x4a /usr/local/mcuxpressoide-11.6.0_8187/ide/plugins/com.nxp.mcuxpresso.tools.linux_11.6.0.202112161359/tools/bin/../lib/gcc/arm-none-eabi/10.3.1/../../../../arm-none-eabi/lib/thumb/v7-m/nofp/libcr_c.a(memset.o)
 .comment       0x0000000000000049       0x4a /usr/local/mcuxpressoide-11.6.0_8187/ide/plugins/com.nxp.mcuxpresso.tools.linux_11.6.0.202112161359/tools/bin/../lib/gcc/arm-none-eabi/10.3.1/../../../../arm-none-eabi/lib/thumb/v7-m/nofp/libcr_c.a(_deferredlazyseek.o)
 .comment       0x0000000000000049       0x4a /usr/local/mcuxpressoide-11.6.0_8187/ide/plugins/com.nxp.mcuxpresso.tools.linux_11.6.0.202112161359/tools/bin/../lib/gcc/arm-none-eabi/10.3.1/../../../../arm-none-eabi/lib/thumb/v7-m/nofp/libcr_c.a(_fdopen.o)
 .comment       0x0000000000000049       0x4a /usr/local/mcuxpressoide-11.6.0_8187/ide/plugins/com.nxp.mcuxpresso.tools.linux_11.6.0.202112161359/tools/bin/../lib/gcc/arm-none-eabi/10.3.1/../../../../arm-none-eabi/lib/thumb/v7-m/nofp/libcr_c.a(_fflush.o)
 .comment       0x0000000000000049       0x4a /usr/local/mcuxpressoide-11.6.0_8187/ide/plugins/com.nxp.mcuxpresso.tools.linux_11.6.0.202112161359/tools/bin/../lib/gcc/arm-none-eabi/10.3.1/../../../../arm-none-eabi/lib/thumb/v7-m/nofp/libcr_c.a(_frexpl.o)
 .comment       0x0000000000000049       0x4a /usr/local/mcuxpressoide-11.6.0_8187/ide/plugins/com.nxp.mcuxpresso.tools.linux_11.6.0.202112161359/tools/bin/../lib/gcc/arm-none-eabi/10.3.1/../../../../arm-none-eabi/lib/thumb/v7-m/nofp/libcr_c.a(_ldexpl.o)
 .comment       0x0000000000000049       0x4a /usr/local/mcuxpressoide-11.6.0_8187/ide/plugins/com.nxp.mcuxpresso.tools.linux_11.6.0.202112161359/tools/bin/../lib/gcc/arm-none-eabi/10.3.1/../../../../arm-none-eabi/lib/thumb/v7-m/nofp/libcr_c.a(_writebuf.o)
 .comment       0x0000000000000049       0x4a /usr/local/mcuxpressoide-11.6.0_8187/ide/plugins/com.nxp.mcuxpresso.tools.linux_11.6.0.202112161359/tools/bin/../lib/gcc/arm-none-eabi/10.3.1/../../../../arm-none-eabi/lib/thumb/v7-m/nofp/libcr_c.a(alloc.o)
 .comment       0x0000000000000049       0x4a /usr/local/mcuxpressoide-11.6.0_8187/ide/plugins/com.nxp.mcuxpresso.tools.linux_11.6.0.202112161359/tools/bin/../lib/gcc/arm-none-eabi/10.3.1/../../../../arm-none-eabi/lib/thumb/v7-m/nofp/libcr_c.a(errno.o)
 .comment       0x0000000000000049       0x4a /usr/local/mcuxpressoide-11.6.0_8187/ide/plugins/com.nxp.mcuxpresso.tools.linux_11.6.0.202112161359/tools/bin/../lib/gcc/arm-none-eabi/10.3.1/../../../../arm-none-eabi/lib/thumb/v7-m/nofp/libcr_c.a(fclose.o)
 .comment       0x0000000000000049       0x4a /usr/local/mcuxpressoide-11.6.0_8187/ide/plugins/com.nxp.mcuxpresso.tools.linux_11.6.0.202112161359/tools/bin/../lib/gcc/arm-none-eabi/10.3.1/../../../../arm-none-eabi/lib/thumb/v7-m/nofp/libcr_c.a(fflush.o)
 .comment       0x0000000000000049       0x4a /usr/local/mcuxpressoide-11.6.0_8187/ide/plugins/com.nxp.mcuxpresso.tools.linux_11.6.0.202112161359/tools/bin/../lib/gcc/arm-none-eabi/10.3.1/../../../../arm-none-eabi/lib/thumb/v7-m/nofp/libcr_c.a(fseek.o)
 .comment       0x0000000000000049       0x4a /usr/local/mcuxpressoide-11.6.0_8187/ide/plugins/com.nxp.mcuxpresso.tools.linux_11.6.0.202112161359/tools/bin/../lib/gcc/arm-none-eabi/10.3.1/../../../../arm-none-eabi/lib/thumb/v7-m/nofp/libcr_c.a(ftell.o)
 .comment       0x0000000000000049       0x4a /usr/local/mcuxpressoide-11.6.0_8187/ide/plugins/com.nxp.mcuxpresso.tools.linux_11.6.0.202112161359/tools/bin/../lib/gcc/arm-none-eabi/10.3.1/../../../../arm-none-eabi/lib/thumb/v7-m/nofp/libcr_c.a(remove.o)
 .comment       0x0000000000000049       0x4a /usr/local/mcuxpressoide-11.6.0_8187/ide/plugins/com.nxp.mcuxpresso.tools.linux_11.6.0.202112161359/tools/bin/../lib/gcc/arm-none-eabi/10.3.1/../../../../arm-none-eabi/lib/thumb/v7-m/nofp/libcr_c.a(__init_alloc.o)
 .comment       0x0000000000000049       0x4a /usr/local/mcuxpressoide-11.6.0_8187/ide/plugins/com.nxp.mcuxpresso.tools.linux_11.6.0.202112161359/tools/bin/../lib/gcc/arm-none-eabi/10.3.1/../../../../arm-none-eabi/lib/thumb/v7-m/nofp/libcr_c.a(_cr_sbrk.o)
 .comment       0x0000000000000049       0x4a /usr/local/mcuxpressoide-11.6.0_8187/ide/plugins/com.nxp.mcuxpresso.tools.linux_11.6.0.202112161359/tools/bin/../lib/gcc/arm-none-eabi/10.3.1/../../../../arm-none-eabi/lib/thumb/v7-m/nofp/libcr_c.a(_do_fflush.o)
 .comment       0x0000000000000049       0x4a /usr/local/mcuxpressoide-11.6.0_8187/ide/plugins/com.nxp.mcuxpresso.tools.linux_11.6.0.202112161359/tools/bin/../lib/gcc/arm-none-eabi/10.3.1/../../../../arm-none-eabi/lib/thumb/v7-m/nofp/libcr_c.a(_cr_check_heap.o)
 .comment       0x0000000000000049       0x4a /usr/local/mcuxpressoide-11.6.0_8187/ide/plugins/com.nxp.mcuxpresso.tools.linux_11.6.0.202112161359/tools/bin/../lib/gcc/arm-none-eabi/10.3.1/thumb/v7-m/nofp/libcr_eabihelpers.a(double.o)
 .comment       0x0000000000000049       0x4a /usr/local/mcuxpressoide-11.6.0_8187/ide/plugins/com.nxp.mcuxpresso.tools.linux_11.6.0.202112161359/tools/bin/../lib/gcc/arm-none-eabi/10.3.1/../../../../arm-none-eabi/lib/thumb/v7-m/nofp/libcr_nohost.a(__ciob.o)
 .comment       0x0000000000000049       0x4a /usr/local/mcuxpressoide-11.6.0_8187/ide/plugins/com.nxp.mcuxpresso.tools.linux_11.6.0.202112161359/tools/bin/../lib/gcc/arm-none-eabi/10.3.1/../../../../arm-none-eabi/lib/thumb/v7-m/nofp/libcr_nohost.a(__sys_appexit.o)
 .comment       0x0000000000000049       0x4a /usr/local/mcuxpressoide-11.6.0_8187/ide/plugins/com.nxp.mcuxpresso.tools.linux_11.6.0.202112161359/tools/bin/../lib/gcc/arm-none-eabi/10.3.1/../../../../arm-none-eabi/lib/thumb/v7-m/nofp/libcr_nohost.a(__sys_close.o)
 .comment       0x0000000000000049       0x4a /usr/local/mcuxpressoide-11.6.0_8187/ide/plugins/com.nxp.mcuxpresso.tools.linux_11.6.0.202112161359/tools/bin/../lib/gcc/arm-none-eabi/10.3.1/../../../../arm-none-eabi/lib/thumb/v7-m/nofp/libcr_nohost.a(__sys_flen.o)
 .comment       0x0000000000000049       0x4a /usr/local/mcuxpressoide-11.6.0_8187/ide/plugins/com.nxp.mcuxpresso.tools.linux_11.6.0.202112161359/tools/bin/../lib/gcc/arm-none-eabi/10.3.1/../../../../arm-none-eabi/lib/thumb/v7-m/nofp/libcr_nohost.a(__sys_istty.o)
 .comment       0x0000000000000049       0x4a /usr/local/mcuxpressoide-11.6.0_8187/ide/plugins/com.nxp.mcuxpresso.tools.linux_11.6.0.202112161359/tools/bin/../lib/gcc/arm-none-eabi/10.3.1/../../../../arm-none-eabi/lib/thumb/v7-m/nofp/libcr_nohost.a(__sys_remove.o)
 .comment       0x0000000000000049       0x4a /usr/local/mcuxpressoide-11.6.0_8187/ide/plugins/com.nxp.mcuxpresso.tools.linux_11.6.0.202112161359/tools/bin/../lib/gcc/arm-none-eabi/10.3.1/../../../../arm-none-eabi/lib/thumb/v7-m/nofp/libcr_nohost.a(__sys_seek.o)
 .comment       0x0000000000000049       0x4a /usr/local/mcuxpressoide-11.6.0_8187/ide/plugins/com.nxp.mcuxpresso.tools.linux_11.6.0.202112161359/tools/bin/../lib/gcc/arm-none-eabi/10.3.1/../../../../arm-none-eabi/lib/thumb/v7-m/nofp/libcr_nohost.a(__sys_tmpnam.o)
 .comment       0x0000000000000049       0x4a /usr/local/mcuxpressoide-11.6.0_8187/ide/plugins/com.nxp.mcuxpresso.tools.linux_11.6.0.202112161359/tools/bin/../lib/gcc/arm-none-eabi/10.3.1/../../../../arm-none-eabi/lib/thumb/v7-m/nofp/libcr_nohost.a(__sys_write.o)

.ARM.attributes
                0x0000000000000000       0x2b
 .ARM.attributes
                0x0000000000000000       0x2d ./src/TP_FINAL_Cabrera_Caramuti.o
 .ARM.attributes
                0x000000000000002d       0x2d ./src/cr_startup_lpc175x_6x.o
 .ARM.attributes
                0x000000000000005a       0x2d ./src/crp.o
 .ARM.attributes
                0x0000000000000087       0x2d ./src/initialconfig.o
 .ARM.attributes
                0x00000000000000b4       0x2d ./src/loadcell.o
 .ARM.attributes
                0x00000000000000e1       0x2d /home/francabrera/Desktop/Electrónica Digital III/TP_FINAL_LPC1769_CORTEXM3/CMSISv2p00_LPC17xx/Debug/libCMSISv2p00_LPC17xx.a(system_LPC17xx.o)
 .ARM.attributes
                0x000000000000010e       0x2d /home/francabrera/Desktop/Electrónica Digital III/TP_FINAL_LPC1769_CORTEXM3/CMSISv2p00_LPC17xx/Debug/libCMSISv2p00_LPC17xx.a(lpc17xx_adc.o)
 .ARM.attributes
                0x000000000000013b       0x2d /home/francabrera/Desktop/Electrónica Digital III/TP_FINAL_LPC1769_CORTEXM3/CMSISv2p00_LPC17xx/Debug/libCMSISv2p00_LPC17xx.a(lpc17xx_clkpwr.o)
 .ARM.attributes
                0x0000000000000168       0x2d /home/francabrera/Desktop/Electrónica Digital III/TP_FINAL_LPC1769_CORTEXM3/CMSISv2p00_LPC17xx/Debug/libCMSISv2p00_LPC17xx.a(lpc17xx_libcfg_default.o)
 .ARM.attributes
                0x0000000000000195       0x2d /home/francabrera/Desktop/Electrónica Digital III/TP_FINAL_LPC1769_CORTEXM3/CMSISv2p00_LPC17xx/Debug/libCMSISv2p00_LPC17xx.a(lpc17xx_timer.o)
 .ARM.attributes
                0x00000000000001c2       0x2d /home/francabrera/Desktop/Electrónica Digital III/TP_FINAL_LPC1769_CORTEXM3/CMSISv2p00_LPC17xx/Debug/libCMSISv2p00_LPC17xx.a(lpc17xx_uart.o)
 .ARM.attributes
                0x00000000000001ef       0x2d /usr/local/mcuxpressoide-11.6.0_8187/ide/plugins/com.nxp.mcuxpresso.tools.linux_11.6.0.202112161359/tools/bin/../lib/gcc/arm-none-eabi/10.3.1/../../../../arm-none-eabi/lib/thumb/v7-m/nofp/libcr_nohost.a(_cr__main.o)
 .ARM.attributes
                0x000000000000021c       0x2d /usr/local/mcuxpressoide-11.6.0_8187/ide/plugins/com.nxp.mcuxpresso.tools.linux_11.6.0.202112161359/tools/bin/../lib/gcc/arm-none-eabi/10.3.1/../../../../arm-none-eabi/lib/thumb/v7-m/nofp/libcr_c.a(fpprintf.o)
 .ARM.attributes
                0x0000000000000249       0x2d /usr/local/mcuxpressoide-11.6.0_8187/ide/plugins/com.nxp.mcuxpresso.tools.linux_11.6.0.202112161359/tools/bin/../lib/gcc/arm-none-eabi/10.3.1/../../../../arm-none-eabi/lib/thumb/v7-m/nofp/libcr_c.a(initio.o)
 .ARM.attributes
                0x0000000000000276       0x2d /usr/local/mcuxpressoide-11.6.0_8187/ide/plugins/com.nxp.mcuxpresso.tools.linux_11.6.0.202112161359/tools/bin/../lib/gcc/arm-none-eabi/10.3.1/../../../../arm-none-eabi/lib/thumb/v7-m/nofp/libcr_c.a(printf.o)
 .ARM.attributes
                0x00000000000002a3       0x2d /usr/local/mcuxpressoide-11.6.0_8187/ide/plugins/com.nxp.mcuxpresso.tools.linux_11.6.0.202112161359/tools/bin/../lib/gcc/arm-none-eabi/10.3.1/../../../../arm-none-eabi/lib/thumb/v7-m/nofp/libcr_c.a(setvbuf.o)
 .ARM.attributes
                0x00000000000002d0       0x2d /usr/local/mcuxpressoide-11.6.0_8187/ide/plugins/com.nxp.mcuxpresso.tools.linux_11.6.0.202112161359/tools/bin/../lib/gcc/arm-none-eabi/10.3.1/../../../../arm-none-eabi/lib/thumb/v7-m/nofp/libcr_c.a(strlen.o)
 .ARM.attributes
                0x00000000000002fd       0x2d /usr/local/mcuxpressoide-11.6.0_8187/ide/plugins/com.nxp.mcuxpresso.tools.linux_11.6.0.202112161359/tools/bin/../lib/gcc/arm-none-eabi/10.3.1/../../../../arm-none-eabi/lib/thumb/v7-m/nofp/libcr_c.a(memset.o)
 .ARM.attributes
                0x000000000000032a       0x2d /usr/local/mcuxpressoide-11.6.0_8187/ide/plugins/com.nxp.mcuxpresso.tools.linux_11.6.0.202112161359/tools/bin/../lib/gcc/arm-none-eabi/10.3.1/../../../../arm-none-eabi/lib/thumb/v7-m/nofp/libcr_c.a(_deferredlazyseek.o)
 .ARM.attributes
                0x0000000000000357       0x2d /usr/local/mcuxpressoide-11.6.0_8187/ide/plugins/com.nxp.mcuxpresso.tools.linux_11.6.0.202112161359/tools/bin/../lib/gcc/arm-none-eabi/10.3.1/../../../../arm-none-eabi/lib/thumb/v7-m/nofp/libcr_c.a(_fdopen.o)
 .ARM.attributes
                0x0000000000000384       0x2d /usr/local/mcuxpressoide-11.6.0_8187/ide/plugins/com.nxp.mcuxpresso.tools.linux_11.6.0.202112161359/tools/bin/../lib/gcc/arm-none-eabi/10.3.1/../../../../arm-none-eabi/lib/thumb/v7-m/nofp/libcr_c.a(_fflush.o)
 .ARM.attributes
                0x00000000000003b1       0x2d /usr/local/mcuxpressoide-11.6.0_8187/ide/plugins/com.nxp.mcuxpresso.tools.linux_11.6.0.202112161359/tools/bin/../lib/gcc/arm-none-eabi/10.3.1/../../../../arm-none-eabi/lib/thumb/v7-m/nofp/libcr_c.a(_frexpl.o)
 .ARM.attributes
                0x00000000000003de       0x2d /usr/local/mcuxpressoide-11.6.0_8187/ide/plugins/com.nxp.mcuxpresso.tools.linux_11.6.0.202112161359/tools/bin/../lib/gcc/arm-none-eabi/10.3.1/../../../../arm-none-eabi/lib/thumb/v7-m/nofp/libcr_c.a(_ldexpl.o)
 .ARM.attributes
                0x000000000000040b       0x2d /usr/local/mcuxpressoide-11.6.0_8187/ide/plugins/com.nxp.mcuxpresso.tools.linux_11.6.0.202112161359/tools/bin/../lib/gcc/arm-none-eabi/10.3.1/../../../../arm-none-eabi/lib/thumb/v7-m/nofp/libcr_c.a(_writebuf.o)
 .ARM.attributes
                0x0000000000000438       0x2d /usr/local/mcuxpressoide-11.6.0_8187/ide/plugins/com.nxp.mcuxpresso.tools.linux_11.6.0.202112161359/tools/bin/../lib/gcc/arm-none-eabi/10.3.1/../../../../arm-none-eabi/lib/thumb/v7-m/nofp/libcr_c.a(alloc.o)
 .ARM.attributes
                0x0000000000000465       0x2d /usr/local/mcuxpressoide-11.6.0_8187/ide/plugins/com.nxp.mcuxpresso.tools.linux_11.6.0.202112161359/tools/bin/../lib/gcc/arm-none-eabi/10.3.1/../../../../arm-none-eabi/lib/thumb/v7-m/nofp/libcr_c.a(errno.o)
 .ARM.attributes
                0x0000000000000492       0x2d /usr/local/mcuxpressoide-11.6.0_8187/ide/plugins/com.nxp.mcuxpresso.tools.linux_11.6.0.202112161359/tools/bin/../lib/gcc/arm-none-eabi/10.3.1/../../../../arm-none-eabi/lib/thumb/v7-m/nofp/libcr_c.a(fclose.o)
 .ARM.attributes
                0x00000000000004bf       0x2d /usr/local/mcuxpressoide-11.6.0_8187/ide/plugins/com.nxp.mcuxpresso.tools.linux_11.6.0.202112161359/tools/bin/../lib/gcc/arm-none-eabi/10.3.1/../../../../arm-none-eabi/lib/thumb/v7-m/nofp/libcr_c.a(fflush.o)
 .ARM.attributes
                0x00000000000004ec       0x2d /usr/local/mcuxpressoide-11.6.0_8187/ide/plugins/com.nxp.mcuxpresso.tools.linux_11.6.0.202112161359/tools/bin/../lib/gcc/arm-none-eabi/10.3.1/../../../../arm-none-eabi/lib/thumb/v7-m/nofp/libcr_c.a(fseek.o)
 .ARM.attributes
                0x0000000000000519       0x2d /usr/local/mcuxpressoide-11.6.0_8187/ide/plugins/com.nxp.mcuxpresso.tools.linux_11.6.0.202112161359/tools/bin/../lib/gcc/arm-none-eabi/10.3.1/../../../../arm-none-eabi/lib/thumb/v7-m/nofp/libcr_c.a(ftell.o)
 .ARM.attributes
                0x0000000000000546       0x2d /usr/local/mcuxpressoide-11.6.0_8187/ide/plugins/com.nxp.mcuxpresso.tools.linux_11.6.0.202112161359/tools/bin/../lib/gcc/arm-none-eabi/10.3.1/../../../../arm-none-eabi/lib/thumb/v7-m/nofp/libcr_c.a(remove.o)
 .ARM.attributes
                0x0000000000000573       0x2d /usr/local/mcuxpressoide-11.6.0_8187/ide/plugins/com.nxp.mcuxpresso.tools.linux_11.6.0.202112161359/tools/bin/../lib/gcc/arm-none-eabi/10.3.1/../../../../arm-none-eabi/lib/thumb/v7-m/nofp/libcr_c.a(__init_alloc.o)
 .ARM.attributes
                0x00000000000005a0       0x2d /usr/local/mcuxpressoide-11.6.0_8187/ide/plugins/com.nxp.mcuxpresso.tools.linux_11.6.0.202112161359/tools/bin/../lib/gcc/arm-none-eabi/10.3.1/../../../../arm-none-eabi/lib/thumb/v7-m/nofp/libcr_c.a(_cr_sbrk.o)
 .ARM.attributes
                0x00000000000005cd       0x2d /usr/local/mcuxpressoide-11.6.0_8187/ide/plugins/com.nxp.mcuxpresso.tools.linux_11.6.0.202112161359/tools/bin/../lib/gcc/arm-none-eabi/10.3.1/../../../../arm-none-eabi/lib/thumb/v7-m/nofp/libcr_c.a(_do_fflush.o)
 .ARM.attributes
                0x00000000000005fa       0x2d /usr/local/mcuxpressoide-11.6.0_8187/ide/plugins/com.nxp.mcuxpresso.tools.linux_11.6.0.202112161359/tools/bin/../lib/gcc/arm-none-eabi/10.3.1/../../../../arm-none-eabi/lib/thumb/v7-m/nofp/libcr_c.a(_cr_check_heap.o)
 .ARM.attributes
                0x0000000000000627       0x1b /usr/local/mcuxpressoide-11.6.0_8187/ide/plugins/com.nxp.mcuxpresso.tools.linux_11.6.0.202112161359/tools/bin/../lib/gcc/arm-none-eabi/10.3.1/thumb/v7-m/nofp/libcr_eabihelpers.a(division_64.o)
 .ARM.attributes
                0x0000000000000642       0x1b /usr/local/mcuxpressoide-11.6.0_8187/ide/plugins/com.nxp.mcuxpresso.tools.linux_11.6.0.202112161359/tools/bin/../lib/gcc/arm-none-eabi/10.3.1/thumb/v7-m/nofp/libcr_eabihelpers.a(division_idiv0.o)
 .ARM.attributes
                0x000000000000065d       0x2d /usr/local/mcuxpressoide-11.6.0_8187/ide/plugins/com.nxp.mcuxpresso.tools.linux_11.6.0.202112161359/tools/bin/../lib/gcc/arm-none-eabi/10.3.1/thumb/v7-m/nofp/libcr_eabihelpers.a(double.o)
 .ARM.attributes
                0x000000000000068a       0x1b /usr/local/mcuxpressoide-11.6.0_8187/ide/plugins/com.nxp.mcuxpresso.tools.linux_11.6.0.202112161359/tools/bin/../lib/gcc/arm-none-eabi/10.3.1/thumb/v7-m/nofp/libcr_eabihelpers.a(memcpy.o)
 .ARM.attributes
                0x00000000000006a5       0x2d /usr/local/mcuxpressoide-11.6.0_8187/ide/plugins/com.nxp.mcuxpresso.tools.linux_11.6.0.202112161359/tools/bin/../lib/gcc/arm-none-eabi/10.3.1/../../../../arm-none-eabi/lib/thumb/v7-m/nofp/libcr_nohost.a(__ciob.o)
 .ARM.attributes
                0x00000000000006d2       0x2d /usr/local/mcuxpressoide-11.6.0_8187/ide/plugins/com.nxp.mcuxpresso.tools.linux_11.6.0.202112161359/tools/bin/../lib/gcc/arm-none-eabi/10.3.1/../../../../arm-none-eabi/lib/thumb/v7-m/nofp/libcr_nohost.a(__sys_appexit.o)
 .ARM.attributes
                0x00000000000006ff       0x2d /usr/local/mcuxpressoide-11.6.0_8187/ide/plugins/com.nxp.mcuxpresso.tools.linux_11.6.0.202112161359/tools/bin/../lib/gcc/arm-none-eabi/10.3.1/../../../../arm-none-eabi/lib/thumb/v7-m/nofp/libcr_nohost.a(__sys_close.o)
 .ARM.attributes
                0x000000000000072c       0x2d /usr/local/mcuxpressoide-11.6.0_8187/ide/plugins/com.nxp.mcuxpresso.tools.linux_11.6.0.202112161359/tools/bin/../lib/gcc/arm-none-eabi/10.3.1/../../../../arm-none-eabi/lib/thumb/v7-m/nofp/libcr_nohost.a(__sys_flen.o)
 .ARM.attributes
                0x0000000000000759       0x2d /usr/local/mcuxpressoide-11.6.0_8187/ide/plugins/com.nxp.mcuxpresso.tools.linux_11.6.0.202112161359/tools/bin/../lib/gcc/arm-none-eabi/10.3.1/../../../../arm-none-eabi/lib/thumb/v7-m/nofp/libcr_nohost.a(__sys_istty.o)
 .ARM.attributes
                0x0000000000000786       0x2d /usr/local/mcuxpressoide-11.6.0_8187/ide/plugins/com.nxp.mcuxpresso.tools.linux_11.6.0.202112161359/tools/bin/../lib/gcc/arm-none-eabi/10.3.1/../../../../arm-none-eabi/lib/thumb/v7-m/nofp/libcr_nohost.a(__sys_remove.o)
 .ARM.attributes
                0x00000000000007b3       0x2d /usr/local/mcuxpressoide-11.6.0_8187/ide/plugins/com.nxp.mcuxpresso.tools.linux_11.6.0.202112161359/tools/bin/../lib/gcc/arm-none-eabi/10.3.1/../../../../arm-none-eabi/lib/thumb/v7-m/nofp/libcr_nohost.a(__sys_seek.o)
 .ARM.attributes
                0x00000000000007e0       0x2d /usr/local/mcuxpressoide-11.6.0_8187/ide/plugins/com.nxp.mcuxpresso.tools.linux_11.6.0.202112161359/tools/bin/../lib/gcc/arm-none-eabi/10.3.1/../../../../arm-none-eabi/lib/thumb/v7-m/nofp/libcr_nohost.a(__sys_tmpnam.o)
 .ARM.attributes
                0x000000000000080d       0x2d /usr/local/mcuxpressoide-11.6.0_8187/ide/plugins/com.nxp.mcuxpresso.tools.linux_11.6.0.202112161359/tools/bin/../lib/gcc/arm-none-eabi/10.3.1/../../../../arm-none-eabi/lib/thumb/v7-m/nofp/libcr_nohost.a(__sys_write.o)

.debug_frame    0x0000000000000000      0xb80
 .debug_frame   0x0000000000000000      0x12c ./src/TP_FINAL_Cabrera_Caramuti.o
 .debug_frame   0x000000000000012c      0x170 ./src/cr_startup_lpc175x_6x.o
 .debug_frame   0x000000000000029c      0x134 ./src/initialconfig.o
 .debug_frame   0x00000000000003d0       0xd0 ./src/loadcell.o
 .debug_frame   0x00000000000004a0       0x3c /home/francabrera/Desktop/Electrónica Digital III/TP_FINAL_LPC1769_CORTEXM3/CMSISv2p00_LPC17xx/Debug/libCMSISv2p00_LPC17xx.a(system_LPC17xx.o)
 .debug_frame   0x00000000000004dc      0x16c /home/francabrera/Desktop/Electrónica Digital III/TP_FINAL_LPC1769_CORTEXM3/CMSISv2p00_LPC17xx/Debug/libCMSISv2p00_LPC17xx.a(lpc17xx_adc.o)
 .debug_frame   0x0000000000000648       0xa0 /home/francabrera/Desktop/Electrónica Digital III/TP_FINAL_LPC1769_CORTEXM3/CMSISv2p00_LPC17xx/Debug/libCMSISv2p00_LPC17xx.a(lpc17xx_clkpwr.o)
 .debug_frame   0x00000000000006e8       0x20 /home/francabrera/Desktop/Electrónica Digital III/TP_FINAL_LPC1769_CORTEXM3/CMSISv2p00_LPC17xx/Debug/libCMSISv2p00_LPC17xx.a(lpc17xx_libcfg_default.o)
 .debug_frame   0x0000000000000708      0x174 /home/francabrera/Desktop/Electrónica Digital III/TP_FINAL_LPC1769_CORTEXM3/CMSISv2p00_LPC17xx/Debug/libCMSISv2p00_LPC17xx.a(lpc17xx_timer.o)
 .debug_frame   0x000000000000087c      0x304 /home/francabrera/Desktop/Electrónica Digital III/TP_FINAL_LPC1769_CORTEXM3/CMSISv2p00_LPC17xx/Debug/libCMSISv2p00_LPC17xx.a(lpc17xx_uart.o)

.debug_loc      0x0000000000000000     0x231f
 .debug_loc     0x0000000000000000      0x5a9 /home/francabrera/Desktop/Electrónica Digital III/TP_FINAL_LPC1769_CORTEXM3/CMSISv2p00_LPC17xx/Debug/libCMSISv2p00_LPC17xx.a(lpc17xx_adc.o)
 .debug_loc     0x00000000000005a9      0x1fa /home/francabrera/Desktop/Electrónica Digital III/TP_FINAL_LPC1769_CORTEXM3/CMSISv2p00_LPC17xx/Debug/libCMSISv2p00_LPC17xx.a(lpc17xx_clkpwr.o)
 .debug_loc     0x00000000000007a3       0x2a /home/francabrera/Desktop/Electrónica Digital III/TP_FINAL_LPC1769_CORTEXM3/CMSISv2p00_LPC17xx/Debug/libCMSISv2p00_LPC17xx.a(lpc17xx_libcfg_default.o)
 .debug_loc     0x00000000000007cd      0x6ca /home/francabrera/Desktop/Electrónica Digital III/TP_FINAL_LPC1769_CORTEXM3/CMSISv2p00_LPC17xx/Debug/libCMSISv2p00_LPC17xx.a(lpc17xx_timer.o)
 .debug_loc     0x0000000000000e97     0x1488 /home/francabrera/Desktop/Electrónica Digital III/TP_FINAL_LPC1769_CORTEXM3/CMSISv2p00_LPC17xx/Debug/libCMSISv2p00_LPC17xx.a(lpc17xx_uart.o)

Cross Reference Table

Symbol                                            File
ADC_BurstCmd                                      /home/francabrera/Desktop/Electrónica Digital III/TP_FINAL_LPC1769_CORTEXM3/CMSISv2p00_LPC17xx/Debug/libCMSISv2p00_LPC17xx.a(lpc17xx_adc.o)
ADC_ChannelCmd                                    /home/francabrera/Desktop/Electrónica Digital III/TP_FINAL_LPC1769_CORTEXM3/CMSISv2p00_LPC17xx/Debug/libCMSISv2p00_LPC17xx.a(lpc17xx_adc.o)
                                                  ./src/initialconfig.o
ADC_ChannelGetData                                /home/francabrera/Desktop/Electrónica Digital III/TP_FINAL_LPC1769_CORTEXM3/CMSISv2p00_LPC17xx/Debug/libCMSISv2p00_LPC17xx.a(lpc17xx_adc.o)
ADC_ChannelGetStatus                              /home/francabrera/Desktop/Electrónica Digital III/TP_FINAL_LPC1769_CORTEXM3/CMSISv2p00_LPC17xx/Debug/libCMSISv2p00_LPC17xx.a(lpc17xx_adc.o)
ADC_DeInit                                        /home/francabrera/Desktop/Electrónica Digital III/TP_FINAL_LPC1769_CORTEXM3/CMSISv2p00_LPC17xx/Debug/libCMSISv2p00_LPC17xx.a(lpc17xx_adc.o)
ADC_EdgeStartConfig                               /home/francabrera/Desktop/Electrónica Digital III/TP_FINAL_LPC1769_CORTEXM3/CMSISv2p00_LPC17xx/Debug/libCMSISv2p00_LPC17xx.a(lpc17xx_adc.o)
                                                  ./src/initialconfig.o
ADC_GetData                                       /home/francabrera/Desktop/Electrónica Digital III/TP_FINAL_LPC1769_CORTEXM3/CMSISv2p00_LPC17xx/Debug/libCMSISv2p00_LPC17xx.a(lpc17xx_adc.o)
ADC_GlobalGetData                                 /home/francabrera/Desktop/Electrónica Digital III/TP_FINAL_LPC1769_CORTEXM3/CMSISv2p00_LPC17xx/Debug/libCMSISv2p00_LPC17xx.a(lpc17xx_adc.o)
ADC_GlobalGetStatus                               /home/francabrera/Desktop/Electrónica Digital III/TP_FINAL_LPC1769_CORTEXM3/CMSISv2p00_LPC17xx/Debug/libCMSISv2p00_LPC17xx.a(lpc17xx_adc.o)
ADC_IRQHandler                                    ./src/TP_FINAL_Cabrera_Caramuti.o
ADC_Init                                          /home/francabrera/Desktop/Electrónica Digital III/TP_FINAL_LPC1769_CORTEXM3/CMSISv2p00_LPC17xx/Debug/libCMSISv2p00_LPC17xx.a(lpc17xx_adc.o)
                                                  ./src/initialconfig.o
ADC_IntConfig                                     /home/francabrera/Desktop/Electrónica Digital III/TP_FINAL_LPC1769_CORTEXM3/CMSISv2p00_LPC17xx/Debug/libCMSISv2p00_LPC17xx.a(lpc17xx_adc.o)
                                                  ./src/initialconfig.o
ADC_PowerdownCmd                                  /home/francabrera/Desktop/Electrónica Digital III/TP_FINAL_LPC1769_CORTEXM3/CMSISv2p00_LPC17xx/Debug/libCMSISv2p00_LPC17xx.a(lpc17xx_adc.o)
ADC_StartCmd                                      /home/francabrera/Desktop/Electrónica Digital III/TP_FINAL_LPC1769_CORTEXM3/CMSISv2p00_LPC17xx/Debug/libCMSISv2p00_LPC17xx.a(lpc17xx_adc.o)
                                                  ./src/initialconfig.o
BOD_IRQHandler                                    ./src/cr_startup_lpc175x_6x.o
BusFault_Handler                                  ./src/cr_startup_lpc175x_6x.o
CANActivity_IRQHandler                            ./src/cr_startup_lpc175x_6x.o
CAN_IRQHandler                                    ./src/cr_startup_lpc175x_6x.o
CLKPWR_ConfigPPWR                                 /home/francabrera/Desktop/Electrónica Digital III/TP_FINAL_LPC1769_CORTEXM3/CMSISv2p00_LPC17xx/Debug/libCMSISv2p00_LPC17xx.a(lpc17xx_clkpwr.o)
                                                  /home/francabrera/Desktop/Electrónica Digital III/TP_FINAL_LPC1769_CORTEXM3/CMSISv2p00_LPC17xx/Debug/libCMSISv2p00_LPC17xx.a(lpc17xx_uart.o)
                                                  /home/francabrera/Desktop/Electrónica Digital III/TP_FINAL_LPC1769_CORTEXM3/CMSISv2p00_LPC17xx/Debug/libCMSISv2p00_LPC17xx.a(lpc17xx_timer.o)
                                                  /home/francabrera/Desktop/Electrónica Digital III/TP_FINAL_LPC1769_CORTEXM3/CMSISv2p00_LPC17xx/Debug/libCMSISv2p00_LPC17xx.a(lpc17xx_adc.o)
CLKPWR_DeepPowerDown                              /home/francabrera/Desktop/Electrónica Digital III/TP_FINAL_LPC1769_CORTEXM3/CMSISv2p00_LPC17xx/Debug/libCMSISv2p00_LPC17xx.a(lpc17xx_clkpwr.o)
CLKPWR_DeepSleep                                  /home/francabrera/Desktop/Electrónica Digital III/TP_FINAL_LPC1769_CORTEXM3/CMSISv2p00_LPC17xx/Debug/libCMSISv2p00_LPC17xx.a(lpc17xx_clkpwr.o)
CLKPWR_GetPCLK                                    /home/francabrera/Desktop/Electrónica Digital III/TP_FINAL_LPC1769_CORTEXM3/CMSISv2p00_LPC17xx/Debug/libCMSISv2p00_LPC17xx.a(lpc17xx_clkpwr.o)
                                                  /home/francabrera/Desktop/Electrónica Digital III/TP_FINAL_LPC1769_CORTEXM3/CMSISv2p00_LPC17xx/Debug/libCMSISv2p00_LPC17xx.a(lpc17xx_uart.o)
                                                  /home/francabrera/Desktop/Electrónica Digital III/TP_FINAL_LPC1769_CORTEXM3/CMSISv2p00_LPC17xx/Debug/libCMSISv2p00_LPC17xx.a(lpc17xx_timer.o)
                                                  /home/francabrera/Desktop/Electrónica Digital III/TP_FINAL_LPC1769_CORTEXM3/CMSISv2p00_LPC17xx/Debug/libCMSISv2p00_LPC17xx.a(lpc17xx_adc.o)
CLKPWR_GetPCLKSEL                                 /home/francabrera/Desktop/Electrónica Digital III/TP_FINAL_LPC1769_CORTEXM3/CMSISv2p00_LPC17xx/Debug/libCMSISv2p00_LPC17xx.a(lpc17xx_clkpwr.o)
CLKPWR_PowerDown                                  /home/francabrera/Desktop/Electrónica Digital III/TP_FINAL_LPC1769_CORTEXM3/CMSISv2p00_LPC17xx/Debug/libCMSISv2p00_LPC17xx.a(lpc17xx_clkpwr.o)
CLKPWR_SetPCLKDiv                                 /home/francabrera/Desktop/Electrónica Digital III/TP_FINAL_LPC1769_CORTEXM3/CMSISv2p00_LPC17xx/Debug/libCMSISv2p00_LPC17xx.a(lpc17xx_clkpwr.o)
                                                  /home/francabrera/Desktop/Electrónica Digital III/TP_FINAL_LPC1769_CORTEXM3/CMSISv2p00_LPC17xx/Debug/libCMSISv2p00_LPC17xx.a(lpc17xx_timer.o)
CLKPWR_Sleep                                      /home/francabrera/Desktop/Electrónica Digital III/TP_FINAL_LPC1769_CORTEXM3/CMSISv2p00_LPC17xx/Debug/libCMSISv2p00_LPC17xx.a(lpc17xx_clkpwr.o)
CRP_WORD                                          ./src/crp.o
DMA_IRQHandler                                    ./src/cr_startup_lpc175x_6x.o
DebugMon_Handler                                  ./src/cr_startup_lpc175x_6x.o
EINT0_IRQHandler                                  ./src/TP_FINAL_Cabrera_Caramuti.o
EINT1_IRQHandler                                  ./src/TP_FINAL_Cabrera_Caramuti.o
EINT2_IRQHandler                                  ./src/TP_FINAL_Cabrera_Caramuti.o
EINT3_IRQHandler                                  ./src/TP_FINAL_Cabrera_Caramuti.o
ENET_IRQHandler                                   ./src/cr_startup_lpc175x_6x.o
HardFault_Handler                                 ./src/cr_startup_lpc175x_6x.o
I2C0_IRQHandler                                   ./src/cr_startup_lpc175x_6x.o
I2C1_IRQHandler                                   ./src/cr_startup_lpc175x_6x.o
I2C2_IRQHandler                                   ./src/cr_startup_lpc175x_6x.o
I2S_IRQHandler                                    ./src/cr_startup_lpc175x_6x.o
IntDefaultHandler                                 ./src/cr_startup_lpc175x_6x.o
MCPWM_IRQHandler                                  ./src/cr_startup_lpc175x_6x.o
MemManage_Handler                                 ./src/cr_startup_lpc175x_6x.o
NMI_Handler                                       ./src/cr_startup_lpc175x_6x.o
PLL0_IRQHandler                                   ./src/cr_startup_lpc175x_6x.o
PLL1_IRQHandler                                   ./src/cr_startup_lpc175x_6x.o
PWM1_IRQHandler                                   ./src/cr_startup_lpc175x_6x.o
PendSV_Handler                                    ./src/cr_startup_lpc175x_6x.o
QEI_IRQHandler                                    ./src/cr_startup_lpc175x_6x.o
RIT_IRQHandler                                    ./src/cr_startup_lpc175x_6x.o
RTC_IRQHandler                                    ./src/cr_startup_lpc175x_6x.o
ResetISR                                          ./src/cr_startup_lpc175x_6x.o
SPI_IRQHandler                                    ./src/cr_startup_lpc175x_6x.o
SSP0_IRQHandler                                   ./src/cr_startup_lpc175x_6x.o
SSP1_IRQHandler                                   ./src/cr_startup_lpc175x_6x.o
SVC_Handler                                       ./src/cr_startup_lpc175x_6x.o
SysTick_Handler                                   ./src/cr_startup_lpc175x_6x.o
SystemCoreClock                                   /home/francabrera/Desktop/Electrónica Digital III/TP_FINAL_LPC1769_CORTEXM3/CMSISv2p00_LPC17xx/Debug/libCMSISv2p00_LPC17xx.a(system_LPC17xx.o)
                                                  /home/francabrera/Desktop/Electrónica Digital III/TP_FINAL_LPC1769_CORTEXM3/CMSISv2p00_LPC17xx/Debug/libCMSISv2p00_LPC17xx.a(lpc17xx_clkpwr.o)
SystemCoreClockUpdate                             /home/francabrera/Desktop/Electrónica Digital III/TP_FINAL_LPC1769_CORTEXM3/CMSISv2p00_LPC17xx/Debug/libCMSISv2p00_LPC17xx.a(system_LPC17xx.o)
SystemInit                                        /home/francabrera/Desktop/Electrónica Digital III/TP_FINAL_LPC1769_CORTEXM3/CMSISv2p00_LPC17xx/Debug/libCMSISv2p00_LPC17xx.a(system_LPC17xx.o)
                                                  ./src/cr_startup_lpc175x_6x.o
TIMER0_IRQHandler                                 ./src/cr_startup_lpc175x_6x.o
TIMER1_IRQHandler                                 ./src/TP_FINAL_Cabrera_Caramuti.o
TIMER2_IRQHandler                                 ./src/cr_startup_lpc175x_6x.o
TIMER3_IRQHandler                                 ./src/cr_startup_lpc175x_6x.o
TIM_ClearIntCapturePending                        /home/francabrera/Desktop/Electrónica Digital III/TP_FINAL_LPC1769_CORTEXM3/CMSISv2p00_LPC17xx/Debug/libCMSISv2p00_LPC17xx.a(lpc17xx_timer.o)
TIM_ClearIntPending                               /home/francabrera/Desktop/Electrónica Digital III/TP_FINAL_LPC1769_CORTEXM3/CMSISv2p00_LPC17xx/Debug/libCMSISv2p00_LPC17xx.a(lpc17xx_timer.o)
                                                  ./src/TP_FINAL_Cabrera_Caramuti.o
TIM_Cmd                                           /home/francabrera/Desktop/Electrónica Digital III/TP_FINAL_LPC1769_CORTEXM3/CMSISv2p00_LPC17xx/Debug/libCMSISv2p00_LPC17xx.a(lpc17xx_timer.o)
                                                  ./src/initialconfig.o
                                                  ./src/TP_FINAL_Cabrera_Caramuti.o
TIM_ConfigCapture                                 /home/francabrera/Desktop/Electrónica Digital III/TP_FINAL_LPC1769_CORTEXM3/CMSISv2p00_LPC17xx/Debug/libCMSISv2p00_LPC17xx.a(lpc17xx_timer.o)
TIM_ConfigMatch                                   /home/francabrera/Desktop/Electrónica Digital III/TP_FINAL_LPC1769_CORTEXM3/CMSISv2p00_LPC17xx/Debug/libCMSISv2p00_LPC17xx.a(lpc17xx_timer.o)
                                                  ./src/initialconfig.o
TIM_ConfigStructInit                              /home/francabrera/Desktop/Electrónica Digital III/TP_FINAL_LPC1769_CORTEXM3/CMSISv2p00_LPC17xx/Debug/libCMSISv2p00_LPC17xx.a(lpc17xx_timer.o)
TIM_DeInit                                        /home/francabrera/Desktop/Electrónica Digital III/TP_FINAL_LPC1769_CORTEXM3/CMSISv2p00_LPC17xx/Debug/libCMSISv2p00_LPC17xx.a(lpc17xx_timer.o)
TIM_GetCaptureValue                               /home/francabrera/Desktop/Electrónica Digital III/TP_FINAL_LPC1769_CORTEXM3/CMSISv2p00_LPC17xx/Debug/libCMSISv2p00_LPC17xx.a(lpc17xx_timer.o)
TIM_GetIntCaptureStatus                           /home/francabrera/Desktop/Electrónica Digital III/TP_FINAL_LPC1769_CORTEXM3/CMSISv2p00_LPC17xx/Debug/libCMSISv2p00_LPC17xx.a(lpc17xx_timer.o)
TIM_GetIntStatus                                  /home/francabrera/Desktop/Electrónica Digital III/TP_FINAL_LPC1769_CORTEXM3/CMSISv2p00_LPC17xx/Debug/libCMSISv2p00_LPC17xx.a(lpc17xx_timer.o)
TIM_Init                                          /home/francabrera/Desktop/Electrónica Digital III/TP_FINAL_LPC1769_CORTEXM3/CMSISv2p00_LPC17xx/Debug/libCMSISv2p00_LPC17xx.a(lpc17xx_timer.o)
                                                  ./src/initialconfig.o